 zsh

 Timestamp is 3e93a94a (Wed Apr 09 07:02:02 2003)

 Preferred load address is 00400000

 Start         Length     Name                   Class
 0001:00000000 0003a3e0H .text                   CODE
 0002:00000000 0000029cH .idata$5                DATA
 0002:000002a0 00000074H .rdata                  DATA
 0002:00000314 00000050H .idata$2                DATA
 0002:00000364 00000014H .idata$3                DATA
 0002:00000378 0000029cH .idata$4                DATA
 0002:00000614 00000a18H .idata$6                DATA
 0002:0000102c 00000000H .edata                  DATA
 0003:00000000 00000004H .CRT$XCA                DATA
 0003:00000004 00000004H .CRT$XCZ                DATA
 0003:00000008 00000004H .CRT$XIA                DATA
 0003:0000000c 00000004H .CRT$XIC                DATA
 0003:00000010 00000004H .CRT$XIZ                DATA
 0003:00000020 00000084H .data                   DATA
 0003:000000a8 0000e2d8H .bss                    DATA
 0004:00000000 0000a31cH .fusrdata               DATA
 0005:00000000 000000b4H .rsrc$01                DATA
 0005:000000c0 00000300H .rsrc$02                DATA

  Address         Publics by Value              Rva+Base     Lib:Object

 0001:00000000       _execbuiltin               00401000 f   builtin.o
 0001:000003f8       _bin_enable                004013f8 f   builtin.o
 0001:0000051f       _bin_set                   0040151f f   builtin.o
 0001:0000081a       _bin_setopt                0040181a f   builtin.o
 0001:00000b14       _bin_fg                    00401b14 f   builtin.o
 0001:00000fa2       _bin_kill                  00401fa2 f   builtin.o
 0001:000012be       _bin_suspend               004022be f   builtin.o
 0001:00001372       _findjobnam                00402372 f   builtin.o
 0001:000013c4       _getjob                    004023c4 f   builtin.o
 0001:000014f3       _isanum                    004024f3 f   builtin.o
 0001:00001515       _bin_pwd                   00402515 f   builtin.o
 0001:0000155a       _bin_dirs                  0040255a f   builtin.o
 0001:0000162e       _bin_cd                    0040262e f   builtin.o
 0001:0000174f       _cd_get_dest               0040274f f   builtin.o
 0001:000019f5       _cd_do_chdir               004029f5 f   builtin.o
 0001:00001b58       _cd_able_vars              00402b58 f   builtin.o
 0001:00001b9f       _cd_try_chdir              00402b9f f   builtin.o
 0001:00001e98       _cd_new_pwd                00402e98 f   builtin.o
 0001:000020b4       _printdirstack             004030b4 f   builtin.o
 0001:000020f9       _fixdir                    004030f9 f   builtin.o
 0001:000021c5       _bin_compctl               004031c5 f   builtin.o
 0001:000023ad       _get_compctl               004033ad f   builtin.o
 0001:00002b04       _get_xcompctl              00403b04 f   builtin.o
 0001:00003031       _cc_assign                 00404031 f   builtin.o
 0001:000031a8       _cc_reassign               004041a8 f   builtin.o
 0001:000031d8       _compctl_process           004041d8 f   builtin.o
 0001:0000326a       _compctl_process_cc        0040426a f   builtin.o
 0001:000032e6       _printcompctl              004042e6 f   builtin.o
 0001:0000365c       _printcompctlp             0040465c f   builtin.o
 0001:00003673       _printqt                   00404673 f   builtin.o
 0001:000036a9       _printif                   004046a9 f   builtin.o
 0001:000036d1       _bin_fc                    004046d1 f   builtin.o
 0001:00003a21       _fcgetcomm                 00404a21 f   builtin.o
 0001:00003a83       _fcsubs                    00404a83 f   builtin.o
 0001:00003b68       _fclist                    00404b68 f   builtin.o
 0001:00003d6f       _fcedit                    00404d6f f   builtin.o
 0001:00003dbc       _bin_typeset               00404dbc f   builtin.o
 0001:00004326       _bin_functions             00405326 f   builtin.o
 0001:00004516       _bin_unset                 00405516 f   builtin.o
 0001:00004631       _bin_vared                 00405631 f   builtin.o
 0001:00004800       _bin_whence                00405800 f   builtin.o
 0001:00004b7b       _bin_hash                  00405b7b f   builtin.o
 0001:00004d40       _bin_unhash                00405d40 f   builtin.o
 0001:00004e83       _bin_alias                 00405e83 f   builtin.o
 0001:0000502b       _bin_unlimit               0040602b f   builtin.o
 0001:0000502b       _bin_ulimit                0040602b f   builtin.o
 0001:0000502b       _bin_limit                 0040602b f   builtin.o
 0001:00005044       _bin_false                 00406044 f   builtin.o
 0001:00005048       _bin_print                 00406048 f   builtin.o
 0001:00005599       _bin_echotc                00406599 f   builtin.o
 0001:000056f5       _bin_shift                 004066f5 f   builtin.o
 0001:00005851       _bin_getopts               00406851 f   builtin.o
 0001:00005b12       _bin_break                 00406b12 f   builtin.o
 0001:00005c00       _zexit                     00406c00 f   builtin.o
 0001:00005d08       _bin_dot                   00406d08 f   builtin.o
 0001:00005faa       _bin_emulate               00406faa f   builtin.o
 0001:00005fc3       _bin_eval                  00406fc3 f   builtin.o
 0001:00006036       _bin_read                  00407036 f   builtin.o
 0001:000068e3       _zread                     004078e3 f   builtin.o
 0001:00006938       _bin_sched                 00407938 f   builtin.o
 0001:00006b79       _testlex                   00407b79 f   builtin.o
 0001:00006c5d       _bin_test                  00407c5d f   builtin.o
 0001:00006d1e       _bin_trap                  00407d1e f   builtin.o
 0001:00006f11       _bin_ttyctl                00407f11 f   builtin.o
 0001:00006f57       _bin_let                   00407f57 f   builtin.o
 0001:00006f82       _bin_umask                 00407f82 f   builtin.o
 0001:00007199       _getasg                    00408199 f   builtin.o
 0001:000071e7       _getsignum                 004081e7 f   builtin.o
 0001:00007238       _zgetcwd                   00408238 f   compat.o
 0001:00007448       _evalcond                  00408448 f   cond.o
 0001:00007820       _doaccess                  00408820 f   cond.o
 0001:0000783c       _getstat                   0040883c f   cond.o
 0001:0000788a       _dostat                    0040888a f   cond.o
 0001:000078a1       _optison                   004088a1 f   cond.o
 0001:000078f5       _parse_string              004088f5 f   exec.o
 0001:00007934       _zfork                     00408934 f   exec.o
 0001:0000796d       _execcursh                 0040896d f   exec.o
 0001:000079ae       _zexecve                   004089ae f   exec.o
 0001:00007bc4       _isgooderr                 00408bc4 f   exec.o
 0001:00007bf1       _execute                   00408bf1 f   exec.o
 0001:00008039       _findcmd                   00409039 f   exec.o
 0001:00008200       _iscom                     00409200 f   exec.o
 0001:0000821a       _isrelative                0040921a f   exec.o
 0001:0000826a       _hashcmd                   0040926a f   exec.o
 0001:00008349       _execstring                00409349 f   exec.o
 0001:00008372       _execlist                  00409372 f   exec.o
 0001:0000852f       _execpline                 0040952f f   exec.o
 0001:000089ee       _execpline2                004099ee f   exec.o
 0001:00008bc9       _makecline                 00409bc9 f   exec.o
 0001:00008c8f       _untokenize                00409c8f f   exec.o
 0001:00008cca       _clobber_open              00409cca f   exec.o
 0001:00008d9b       _closemn                   00409d9b f   exec.o
 0001:00008f69       _closemnodes               00409f69 f   exec.o
 0001:00008fab       _closeallelse              00409fab f   exec.o
 0001:00008fe3       _addfd                     00409fe3 f   exec.o
 0001:0000912c       _addvars                   0040a12c f   exec.o
 0001:000093a2       _execcmd                   0040a3a2 f   exec.o
 0001:0000ab0f       _save_params               0040bb0f f   exec.o
 0001:0000ac29       _restore_params            0040bc29 f   exec.o
 0001:0000acec       _fixfds                    0040bcec f   exec.o
 0001:0000ad22       _entersubsh                0040bd22 f   exec.o
 0001:0000af0f       _closem                    0040bf0f f   exec.o
 0001:0000af49       _gethere                   0040bf49 f   exec.o
 0001:0000b06a       _getherestr                0040c06a f   exec.o
 0001:0000b0fc       _getoutput                 0040c0fc f   exec.o
 0001:0000b373       _readoutput                0040c373 f   exec.o
 0001:0000b48e       _parsecmd                  0040c48e f   exec.o
 0001:0000b4e5       _getoutputfile             0040c4e5 f   exec.o
 0001:0000b693       _getproc                   0040c693 f   exec.o
 0001:0000b6ab       _getpipe                   0040c6ab f   exec.o
 0001:0000b74e       _mpipe                     0040c74e f   exec.o
 0001:0000b772       _spawnpipes                0040c772 f   exec.o
 0001:0000b7a3       _execcond                  0040c7a3 f   exec.o
 0001:0000b7b6       _execarith                 0040c7b6 f   exec.o
 0001:0000b7ef       _exectime                  0040c7ef f   exec.o
 0001:0000b824       _execfuncdef               0040c824 f   exec.o
 0001:0000b915       _execshfunc                0040c915 f   exec.o
 0001:0000ba2c       _doshfunc                  0040ca2c f   exec.o
 0001:0000bd6d       _getfpfunc                 0040cd6d f   exec.o
 0001:0000bebd       _cancd                     0040cebd f   exec.o
 0001:0000bfe8       _cancd2                    0040cfe8 f   exec.o
 0001:0000c040       _execsave                  0040d040 f   exec.o
 0001:0000c111       _execrestore               0040d111 f   exec.o
 0001:0000c1df       _glob                      0040d1df f   glob.o
 0001:0000ca69       _qgetnum                   0040da69 f   glob.o
 0001:0000caaf       _qgetoctnum                0040daaf f   glob.o
 0001:0000caf9       _notstrcmp                 0040daf9 f   glob.o
 0001:0000cc37       _insert                    0040dc37 f   glob.o
 0001:0000ce3e       _file_type                 0040de3e f   glob.o
 0001:0000ce6a       _haswilds                  0040de6a f   glob.o
 0001:0000cf2b       _hasbraces                 0040df2b f   glob.o
 0001:0000d0f2       _xpandredir                0040e0f2 f   glob.o
 0001:0000d271       _dyncat                    0040e271 f   glob.o
 0001:0000d2b3       _tricat                    0040e2b3 f   glob.o
 0001:0000d301       _xpandbraces               0040e301 f   glob.o
 0001:0000d6da       _matchpat                  0040e6da f   glob.o
 0001:0000d742       _get_match_ret             0040e742 f   glob.o
 0001:0000d8af       _getmatch                  0040e8af f   glob.o
 0001:0000dd9b       _getfullpath               0040ed9b f   glob.o
 0001:0000ddd1       _scanner                   0040edd1 f   glob.o
 0001:0000e18d       _domatch                   0040f18d f   glob.o
 0001:0000e1b6       _excluded                  0040f1b6 f   glob.o
 0001:0000e20d       _doesmatch                 0040f20d f   glob.o
 0001:0000e783       _parsepat                  0040f783 f   glob.o
 0001:0000e79f       _parsereg                  0040f79f f   glob.o
 0001:0000e7cc       _parsecomplist             0040f7cc f   glob.o
 0001:0000e99d       _parsecomp                 0040f99d f   glob.o
 0001:0000ed74       _parsecompsw               0040fd74 f   glob.o
 0001:0000ee44       _tokenize                  0040fe44 f   glob.o
 0001:0000efa4       _remnulargs                0040ffa4 f   glob.o
 0001:0000efdc       _qualdev                   0040ffdc f   glob.o
 0001:0000efec       _qualnlink                 0040ffec f   glob.o
 0001:0000f021       _qualuid                   00410021 f   glob.o
 0001:0000f033       _qualgid                   00410033 f   glob.o
 0001:0000f045       _qualisdev                 00410045 f   glob.o
 0001:0000f045       _qualischar                00410045 f   glob.o
 0001:0000f05c       _qualmode                  0041005c f   glob.o
 0001:0000f073       _qualflags                 00410073 f   glob.o
 0001:0000f080       _qualeqflags               00410080 f   glob.o
 0001:0000f097       _qualiscom                 00410097 f   glob.o
 0001:0000f0ae       _qualsize                  004100ae f   glob.o
 0001:0000f107       _qualtime                  00410107 f   glob.o
 0001:0000f1a5       _hasher                    004101a5 f   hashtable.o
 0001:0000f1bd       _newhashtable              004101bd f   hashtable.o
 0001:0000f1e7       _addhashnode               004101e7 f   hashtable.o
 0001:0000f2a0       _gethashnode               004102a0 f   hashtable.o
 0001:0000f2e4       _gethashnode2              004102e4 f   hashtable.o
 0001:0000f31d       _removehashnode            0041031d f   hashtable.o
 0001:0000f386       _disablehashnode           00410386 f   hashtable.o
 0001:0000f38f       _enablehashnode            0041038f f   hashtable.o
 0001:0000f398       _hnamcmp                   00410398 f   hashtable.o
 0001:0000f3b2       _scanhashtable             004103b2 f   hashtable.o
 0001:0000f590       _scanmatchtable            00410590 f   hashtable.o
 0001:0000f6d6       _expandhashtable           004106d6 f   hashtable.o
 0001:0000f745       _emptyhashtable            00410745 f   hashtable.o
 0001:0000f7c0       _createcmdnamtable         004107c0 f   hashtable.o
 0001:0000f853       _emptycmdnamtable          00410853 f   hashtable.o
 0001:0000f86e       _hashdir                   0041086e f   hashtable.o
 0001:0000f992       _fillcmdnamtable           00410992 f   hashtable.o
 0001:0000f9b2       _freecmdnamnode            004109b2 f   hashtable.o
 0001:0000f9db       _printcmdnamnode           004109db f   hashtable.o
 0001:0000fb19       _createshfunctable         00410b19 f   hashtable.o
 0001:0000fba0       _removeshfuncnode          00410ba0 f   hashtable.o
 0001:0000fbeb       _disableshfuncnode         00410beb f   hashtable.o
 0001:0000fc31       _enableshfuncnode          00410c31 f   hashtable.o
 0001:0000fc83       _freeshfuncnode            00410c83 f   hashtable.o
 0001:0000fcab       _printshfuncnode           00410cab f   hashtable.o
 0001:0000fd93       _createbuiltintable        00410d93 f   hashtable.o
 0001:0000fe3a       _printbuiltinnode          00410e3a f   hashtable.o
 0001:0000fe71       _createreswdtable          00410e71 f   hashtable.o
 0001:0000ff18       _printreswdnode            00410f18 f   hashtable.o
 0001:0000ff4f       _createaliastable          00410f4f f   hashtable.o
 0001:00010042       _createaliasnode           00411042 f   hashtable.o
 0001:0001005d       _printaliasnode            0041105d f   hashtable.o
 0001:00010167       _freeparamnode             00411167 f   hashtable.o
 0001:00010181       _printparamnode            00411181 f   hashtable.o
 0001:00010322       _createnameddirtable       00411322 f   hashtable.o
 0001:000103bc       _emptynameddirtable        004113bc f   hashtable.o
 0001:000103dc       _addnameddirnode           004113dc f   hashtable.o
 0001:00010417       _removenameddirnode        00411417 f   hashtable.o
 0001:00010439       _freenameddirnode          00411439 f   hashtable.o
 0001:00010439       _freealiasnode             00411439 f   hashtable.o
 0001:0001045b       _printnameddirnode         0041145b f   hashtable.o
 0001:000104b3       _createcompctltable        004114b3 f   hashtable.o
 0001:00010531       _freecompctl               00411531 f   hashtable.o
 0001:000105f9       _freecompctlp              004115f9 f   hashtable.o
 0001:0001061b       _createemkeybindtable      0041161b f   hashtable.o
 0001:00010699       _emptyemkeybindtable       00411699 f   hashtable.o
 0001:000106a7       _createvikeybindtable      004116a7 f   hashtable.o
 0001:00010725       _emptyvikeybindtable       00411725 f   hashtable.o
 0001:00010733       _hwaddc                    00411733 f   hist.o
 0001:000107bb       _addtoline                 004117bb f   hist.o
 0001:0001088e       _hgetc                     0041188e f   hist.o
 0001:00010957       _safeinungetc              00411957 f   hist.o
 0001:00010973       _getsubsargs               00411973 f   hist.o
 0001:000109f9       _getargc                   004119f9 f   hist.o
 0001:00010a09       _histsubchar               00411a09 f   hist.o
 0001:000110d5       _hungetc                   004120d5 f   hist.o
 0001:000111c9       _strinbeg                  004121c9 f   hist.o
 0001:000111d9       _strinend                  004121d9 f   hist.o
 0001:000111f6       _hbegin                    004121f6 f   hist.o
 0001:000112e5       _hend                      004122e5 f   hist.o
 0001:0001157f       _remhist                   0041257f f   hist.o
 0001:000115cb       _hwbegin                   004125cb f   hist.o
 0001:00011622       _hwend                     00412622 f   hist.o
 0001:000116cd       _histbackword              004126cd f   hist.o
 0001:000116fb       _hwget                     004126fb f   hist.o
 0001:00011739       _hwrep                     00412739 f   hist.o
 0001:000117a7       _hgetline                  004127a7 f   hist.o
 0001:000117e7       _getargspec                004127e7 f   hist.o
 0001:00011880       _hconsearch                00412880 f   hist.o
 0001:000118dc       _hcomsearch                004128dc f   hist.o
 0001:0001191d       _remtpath                  0041291d f   hist.o
 0001:00011949       _remtext                   00412949 f   hist.o
 0001:0001196f       _rembutext                 0041296f f   hist.o
 0001:0001199e       _remlpaths                 0041299e f   hist.o
 0001:000119ca       _makeuppercase             004129ca f   hist.o
 0001:000119eb       _makelowercase             004129eb f   hist.o
 0001:00011a0c       _makecapitals              00412a0c f   hist.o
 0001:00011a61       _subst                     00412a61 f   hist.o
 0001:00011b0c       _convamps                  00412b0c f   hist.o
 0001:00011b87       _quietgethist              00412b87 f   hist.o
 0001:00011be9       _quietgetevent             00412be9 f   hist.o
 0001:00011bfd       _gethist                   00412bfd f   hist.o
 0001:00011c29       _getargs                   00412c29 f   hist.o
 0001:00011c7e       _upcase                    00412c7e f   hist.o
 0001:00011c9c       _downcase                  00412c9c f   hist.o
 0001:00011cba       _quote                     00412cba f   hist.o
 0001:00011d6a       _quotebreak                00412d6a f   hist.o
 0001:00011deb       _hdynread2                 00412deb f   hist.o
 0001:00011e60       _inithist                  00412e60 f   hist.o
 0001:00011e7a       _resizehistents            00412e7a f   hist.o
 0001:00011f4b       _readhistfile              00412f4b f   hist.o
 0001:000121eb       _savehistfile              004131eb f   hist.o
 0001:00012537       _firsthist                 00413537 f   hist.o
 0001:0001257c       _main                      0041357c f   init.o
 0001:00012773       _loop                      00413773 f   init.o
 0001:000128ba       _emulate                   004138ba f   init.o
 0001:00012946       _parseargs                 00413946 f   init.o
 0001:00012bbe       _init_io                   00413bbe f   init.o
 0001:00012c49       _init_shout                00413c49 f   init.o
 0001:00012c6c       _init_term                 00413c6c f   init.o
 0001:00012e1a       _setupvals                 00413e1a f   init.o
 0001:00013217       _init_signals              00414217 f   init.o
 0001:00013309       _run_init_scripts          00414309 f   init.o
 0001:0001346b       _init_misc                 0041446b f   init.o
 0001:000134fe       _source                    004144fe f   init.o
 0001:00013635       _sourcehome                00414635 f   init.o
 0001:000136f7       _compctlsetup              004146f7 f   init.o
 0001:00013783       _ingetc                    00414783 f   input.o
 0001:00013807       _inputline                 00414807 f   input.o
 0001:00013a6e       _inputsetline              00414a6e f   input.o
 0001:00013abe       _inungetc                  00414abe f   input.o
 0001:00013b69       _stuff                     00414b69 f   input.o
 0001:00013c42       _inerrflush                00414c42 f   input.o
 0001:00013c65       _inpush                    00414c65 f   input.o
 0001:00013d8f       _inpoptop                  00414d8f f   input.o
 0001:00013e1f       _inpop                     00414e1f f   input.o
 0001:00013e34       _dtime                     00414e34 f   jobs.o
 0001:00013e5f       _makerunning               00414e5f f   jobs.o
 0001:00013e88       _findproc                  00414e88 f   jobs.o
 0001:00013ece       _update_process            00414ece f   jobs.o
 0001:00013f1e       _update_job                00414f1e f   jobs.o
 0001:000140f6       _printjob                  004150f6 f   jobs.o
 0001:0001451e       _deletefilelist            0041551e f   jobs.o
 0001:0001455a       _deletejob                 0041555a f   jobs.o
 0001:000145a9       _setprevjob                004155a9 f   jobs.o
 0001:0001461a       _addproc                   0041561a f   jobs.o
 0001:0001469c       _havefiles                 0041569c f   jobs.o
 0001:000146bd       _waitforpid                004156bd f   jobs.o
 0001:00014736       _waitjob                   00415736 f   jobs.o
 0001:000148dd       _waitjobs                  004158dd f   jobs.o
 0001:000148f4       _clearjobtab               004158f4 f   jobs.o
 0001:00014939       _initjob                   00415939 f   jobs.o
 0001:00014996       _spawnjob                  00415996 f   jobs.o
 0001:00014a9d       _should_report_time        00415a9d f   jobs.o
 0001:00014b0d       _printhhmmss               00415b0d f   jobs.o
 0001:00014b92       _printtime                 00415b92 f   jobs.o
 0001:00014d52       _dumptime                  00415d52 f   jobs.o
 0001:00014d8a       _scanjobs                  00415d8a f   jobs.o
 0001:00014db0       _checkjobs                 00415db0 f   jobs.o
 0001:00014e0c       _lexsave                   00415e0c f   lex.o
 0001:00014f18       _lexrestore                00415f18 f   lex.o
 0001:00015036       _yylex                     00416036 f   lex.o
 0001:00015167       _ctxtlex                   00416167 f   lex.o
 0001:00015229       _initlextabs               00416229 f   lex.o
 0001:000152dd       _lexinit                   004162dd f   lex.o
 0001:00015308       _add                       00416308 f   lex.o
 0001:0001536a       _gettok                    0041636a f   lex.o
 0001:000159d9       _gettokstr                 004169d9 f   lex.o
 0001:0001642c       _dquote_parse              0041742c f   lex.o
 0001:00016921       _parsestr                  00417921 f   lex.o
 0001:000169e5       _parse_subst_string        004179e5 f   lex.o
 0001:00016a86       _exalias                   00417a86 f   lex.o
 0001:00016ccb       _skipcomm                  00417ccb f   lex.o
 0001:00016e8c       _newlinklist               00417e8c f   linklist.o
 0001:00016e9c       _insertlinknode            00417e9c f   linklist.o
 0001:00016ed4       _insertlinklist            00417ed4 f   linklist.o
 0001:00016f06       _getlinknode               00417f06 f   linklist.o
 0001:00016f35       _ugetnode                  00417f35 f   linklist.o
 0001:00016f59       _remnode                   00417f59 f   linklist.o
 0001:00016f8e       _uremnode                  00417f8e f   linklist.o
 0001:00016fb5       _freelinklist              00417fb5 f   linklist.o
 0001:00016ff1       _countlinknodes            00417ff1 f   linklist.o
 0001:00017003       _rolllist                  00418003 f   linklist.o
 0001:0001702c       _execfor                   0041802c f   loop.o
 0001:0001710d       _execselect                0041810d f   loop.o
 0001:00017334       _execwhile                 00418334 f   loop.o
 0001:00017407       _execrepeat                00418407 f   loop.o
 0001:000174b2       _execif                    004184b2 f   loop.o
 0001:00017533       _execcase                  00418533 f   loop.o
 0001:000175b5       _zzlex                     004185b5 f   math.o
 0001:00017b94       _getcvar                   00418b94 f   math.o
 0001:00017bc3       _setvar                    00418bc3 f   math.o
 0001:00017c0a       _notzero                   00418c0a f   math.o
 0001:00017c28       _op                        00418c28 f   math.o
 0001:00018558       _bop                       00419558 f   math.o
 0001:00018599       _mathevall                 00419599 f   math.o
 0001:0001873e       _matheval                  0041973e f   math.o
 0001:0001878e       _mathevalarg               0041978e f   math.o
 0001:000187bd       _mathparse                 004197bd f   math.o
 0001:00018940       _global_heapalloc          00419940 f   mem.o
 0001:00018964       _global_permalloc          00419964 f   mem.o
 0001:00018985       _pushheap                  00419985 f   mem.o
 0001:000189ac       _freeheap                  004199ac f   mem.o
 0001:000189cb       _popheap                   004199cb f   mem.o
 0001:00018a22       _halloc                    00419a22 f   mem.o
 0001:00018aec       _hcalloc                   00419aec f   mem.o
 0001:00018b0b       _hrealloc                  00419b0b f   mem.o
 0001:00018b2c       _zalloc                    00419b2c f   mem.o
 0001:00018b5a       _zcalloc                   00419b5a f   mem.o
 0001:00018b9c       _zrealloc                  00419b9c f   mem.o
 0001:00018beb       _dupstring                 00419beb f   mem.o
 0001:00018c19       _ztrdup                    00419c19 f   mem.o
 0001:00018c46       _zsfree                    00419c46 f   mem.o
 0001:00018c46       _zfree                     00419c46 f   mem.o
 0001:00018c58       _createparamtable          00419c58 f   params.o
 0001:00019173       _createparam               0041a173 f   params.o
 0001:000192c2       _isident                   0041a2c2 f   params.o
 0001:00019352       _getarg                    0041a352 f   params.o
 0001:00019a2c       _getindex                  0041aa2c f   params.o
 0001:00019be9       _getvalue                  0041abe9 f   params.o
 0001:00019e30       _getstrvalue               0041ae30 f   params.o
 0001:00019fd6       _getarrvalue               0041afd6 f   params.o
 0001:0001a0bb       _getintvalue               0041b0bb f   params.o
 0001:0001a0f8       _setstrvalue               0041b0f8 f   params.o
 0001:0001a31d       _setintvalue               0041b31d f   params.o
 0001:0001a391       _setarrvalue               0041b391 f   params.o
 0001:0001a50c       _getiparam                 0041b50c f   params.o
 0001:0001a527       _getsparam                 0041b527 f   params.o
 0001:0001a542       _getaparam                 0041b542 f   params.o
 0001:0001a57c       _setsparam                 0041b57c f   params.o
 0001:0001a67c       _setaparam                 0041b67c f   params.o
 0001:0001a787       _setiparam                 0041b787 f   params.o
 0001:0001a7f0       _unsetparam                0041b7f0 f   params.o
 0001:0001a80e       _unsetparam_pm             0041b80e f   params.o
 0001:0001a90e       _intgetfn                  0041b90e f   params.o
 0001:0001a916       _intsetfn                  0041b916 f   params.o
 0001:0001a922       _strgetfn                  0041b922 f   params.o
 0001:0001a936       _strsetfn                  0041b936 f   params.o
 0001:0001a95c       _arrgetfn                  0041b95c f   params.o
 0001:0001a96d       _arrsetfn                  0041b96d f   params.o
 0001:0001a99c       _nullsetfn                 0041b99c f   params.o
 0001:0001a9a7       _intvarsetfn               0041b9a7 f   params.o
 0001:0001a9b5       _zlevarsetfn               0041b9b5 f   params.o
 0001:0001a9e3       _strvarsetfn               0041b9e3 f   params.o
 0001:0001a9fb       _strvargetfn               0041b9fb f   params.o
 0001:0001aa11       _arrvargetfn               0041ba11 f   params.o
 0001:0001aa11       _intvargetfn               0041ba11 f   params.o
 0001:0001aa1b       _arrvarsetfn               0041ba1b f   params.o
 0001:0001aa6d       _uniqarray                 0041ba6d f   params.o
 0001:0001aade       _poundgetfn                0041bade f   params.o
 0001:0001aaeb       _randomgetfn               0041baeb f   params.o
 0001:0001aaf7       _randomsetfn               0041baf7 f   params.o
 0001:0001ab03       _secondsgetfn              0041bb03 f   params.o
 0001:0001ab13       _secondssetfn              0041bb13 f   params.o
 0001:0001ab2d       _usernamegetfn             0041bb2d f   params.o
 0001:0001ab32       _gidgetfn                  0041bb32 f   params.o
 0001:0001ab32       _uidgetfn                  0041bb32 f   params.o
 0001:0001ab32       _egidgetfn                 0041bb32 f   params.o
 0001:0001ab32       _euidgetfn                 0041bb32 f   params.o
 0001:0001ab37       _attachtty                 0041bb37 f   params.o
 0001:0001ab37       _shelltime                 0041bb37 f   params.o
 0001:0001ab37       _setterm                   0041bb37 f   params.o
 0001:0001ab37       _gidsetfn                  0041bb37 f   params.o
 0001:0001ab37       __setargv                  0041bb37 f   params.o
 0001:0001ab37       _gettyinfo                 0041bb37 f   params.o
 0001:0001ab37       _uidsetfn                  0041bb37 f   params.o
 0001:0001ab37       _usernamesetfn             0041bb37 f   params.o
 0001:0001ab37       _settyinfo                 0041bb37 f   params.o
 0001:0001ab37       _egidsetfn                 0041bb37 f   params.o
 0001:0001ab37       _dowatch                   0041bb37 f   params.o
 0001:0001ab37       _setcbreak                 0041bb37 f   params.o
 0001:0001ab37       _fillnameddirtable         0041bb37 f   params.o
 0001:0001ab37       _euidsetfn                 0041bb37 f   params.o
 0001:0001ab38       _ttyidlegetfn              0041bb38 f   params.o
 0001:0001ab6a       _ifsgetfn                  0041bb6a f   params.o
 0001:0001ab70       _ifssetfn                  0041bb70 f   params.o
 0001:0001ab8a       _setlang                   0041bb8a f   params.o
 0001:0001abd3       _lc_allsetfn               0041bbd3 f   params.o
 0001:0001ac0a       _langsetfn                 0041bc0a f   params.o
 0001:0001ac24       _lcsetfn                   0041bc24 f   params.o
 0001:0001ac6f       _histsizegetfn             0041bc6f f   params.o
 0001:0001ac75       _histsizesetfn             0041bc75 f   params.o
 0001:0001ac90       _errnogetfn                0041bc90 f   params.o
 0001:0001ac99       _dashgetfn                 0041bc99 f   params.o
 0001:0001ad09       _histcharsgetfn            0041bd09 f   params.o
 0001:0001ad34       _histcharssetfn            0041bd34 f   params.o
 0001:0001ad8b       _homegetfn                 0041bd8b f   params.o
 0001:0001ad91       _homesetfn                 0041bd91 f   params.o
 0001:0001adea       _wordcharsgetfn            0041bdea f   params.o
 0001:0001adf0       _wordcharssetfn            0041bdf0 f   params.o
 0001:0001ae0a       _underscoregetfn           0041be0a f   params.o
 0001:0001ae10       _termgetfn                 0041be10 f   params.o
 0001:0001ae16       _termsetfn                 0041be16 f   params.o
 0001:0001ae55       _arrfixenv                 0041be55 f   params.o
 0001:0001af0b       _zgetenv                   0041bf0b f   params.o
 0001:0001af44       _replenv                   0041bf44 f   params.o
 0001:0001b00b       _mkenvstr                  0041c00b f   params.o
 0001:0001b07b       _addenv                    0041c07b f   params.o
 0001:0001b11a       _delenv                    0041c11a f   params.o
 0001:0001b184       _convbase                  0041c184 f   params.o
 0001:0001b20f       _parse_event               0041c20f f   parse.o
 0001:0001b22d       _par_event                 0041c22d f   parse.o
 0001:0001b360       _parse_list                0041c360 f   parse.o
 0001:0001b38f       _par_list                  0041c38f f   parse.o
 0001:0001b428       _par_list1                 0041c428 f   parse.o
 0001:0001b44f       _par_sublist               0041c44f f   parse.o
 0001:0001b4ce       _par_sublist2              0041c4ce f   parse.o
 0001:0001b50e       _par_pline                 0041c50e f   parse.o
 0001:0001b62f       _par_cmd                   0041c62f f   parse.o
 0001:0001b90a       _par_for                   0041c90a f   parse.o
 0001:0001ba91       _par_case                  0041ca91 f   parse.o
 0001:0001be0e       _par_if                    0041ce0e f   parse.o
 0001:0001c157       _par_while                 0041d157 f   parse.o
 0001:0001c20a       _par_repeat                0041d20a f   parse.o
 0001:0001c2d5       _par_subsh                 0041d2d5 f   parse.o
 0001:0001c328       _par_funcdef               0041d328 f   parse.o
 0001:0001c3f6       _par_time                  0041d3f6 f   parse.o
 0001:0001c411       _par_dinbrack              0041d411 f   parse.o
 0001:0001c465       _par_simple                0041d465 f   parse.o
 0001:0001c682       _par_cond                  0041d682 f   parse.o
 0001:0001c6da       _par_cond_1                0041d6da f   parse.o
 0001:0001c730       _par_cond_2                0041d730 f   parse.o
 0001:0001c9e3       _par_redir                 0041d9e3 f   parse.o
 0001:0001cb54       _par_wordlist              0041db54 f   parse.o
 0001:0001cb82       _par_nl_wordlist           0041db82 f   parse.o
 0001:0001cbbb       _par_cond_double           0041dbbb f   parse.o
 0001:0001cc0e       _get_cond_num              0041dc0e f   parse.o
 0001:0001cc47       _par_cond_triple           0041dc47 f   parse.o
 0001:0001cd00       _yyerror                   0041dd00 f   parse.o
 0001:0001cd4a       _install_handler           0041dd4a f   signals.o
 0001:0001cd71       _intr                      0041dd71 f   signals.o
 0001:0001cd83       _holdintr                  0041dd83 f   signals.o
 0001:0001cd9c       _noholdintr                0041dd9c f   signals.o
 0001:0001cdb5       _signal_mask               0041ddb5 f   signals.o
 0001:0001cdd6       _signal_block              0041ddd6 f   signals.o
 0001:0001cdf1       _signal_unblock            0041ddf1 f   signals.o
 0001:0001ce0c       _signal_setmask            0041de0c f   signals.o
 0001:0001ce27       _signal_suspend            0041de27 f   signals.o
 0001:0001ce69       _handler                   0041de69 f   signals.o
 0001:0001d106       _killrunjobs               0041e106 f   signals.o
 0001:0001d16d       _killjb                    0041e16d f   signals.o
 0001:0001d23d       _settrap                   0041e23d f   signals.o
 0001:0001d2f0       _unsettrap                 0041e2f0 f   signals.o
 0001:0001d3df       _dotrapargs                0041e3df f   signals.o
 0001:0001d572       _dotrap                    0041e572 f   signals.o
 0001:0001d58f       _prefork                   0041e58f f   subst.o
 0001:0001d6c6       _stringsubst               0041e6c6 f   subst.o
 0001:0001d9f9       _globlist                  0041e9f9 f   subst.o
 0001:0001da47       _singsub                   0041ea47 f   subst.o
 0001:0001da7f       _multsub                   0041ea7f f   subst.o
 0001:0001db4c       _filesub                   0041eb4c f   subst.o
 0001:0001dc44       _filesubstr                0041ec44 f   subst.o
 0001:0001deb4       _strcatsub                 0041eeb4 f   subst.o
 0001:0001df27       _strpcmp                   0041ef27 f   subst.o
 0001:0001df3c       _invstrpcmp                0041ef3c f   subst.o
 0001:0001df53       _cstrpcmp                  0041ef53 f   subst.o
 0001:0001dfe8       _invcstrpcmp               0041efe8 f   subst.o
 0001:0001e07f       _dopadding                 0041f07f f   subst.o
 0001:0001e424       _get_strarg                0041f424 f   subst.o
 0001:0001e494       _get_intarg                0041f494 f   subst.o
 0001:0001e50a       _paramsubst                0041f50a f   subst.o
 0001:0001fc9c       _arithsubst                00420c9c f   subst.o
 0001:0001fd33       _modify                    00420d33 f   subst.o
 0001:0002021a       _dstackent                 0042121a f   subst.o
 0001:000202aa       _taddchr                   004212aa f   text.o
 0001:00020311       _taddstr                   00421311 f   text.o
 0001:0002038d       _taddnl                    0042138d f   text.o
 0001:000203c8       _getpermtext               004213c8 f   text.o
 0001:00020424       _getjobtext                00421424 f   text.o
 0001:0002046f       _gettext2                  0042146f f   text.o
 0001:0002099c       _getcond                   0042199c f   text.o
 0001:00020ac3       _getsimptext               00421ac3 f   text.o
 0001:00020b33       _getredirs                 00421b33 f   text.o
 0001:00020bcb       _taddlist                  00421bcb f   text.o
 0001:00020bf5       _zwarnnam                  00421bf5 f   utils.o
 0001:00020c1c       _zerr                      00421c1c f   utils.o
 0001:00020c8e       _zerrnam                   00421c8e f   utils.o
 0001:00020ec6       _putraw                    00421ec6 f   utils.o
 0001:00020eda       _putshout                  00421eda f   utils.o
 0001:00020eee       _nicechar                  00421eee f   utils.o
 0001:00020fbd       _nicestrlen                00421fbd f   utils.o
 0001:00020fe6       _findpwd                   00421fe6 f   utils.o
 0001:0002102d       _slashsplit                0042202d f   utils.o
 0001:000210c2       _xsymlink                  004220c2 f   utils.o
 0001:00021217       _fprintdir                 00422217 f   utils.o
 0001:00021270       _get_username              00422270 f   utils.o
 0001:000212b8       _finddir                   004222b8 f   utils.o
 0001:00021380       _adduserdir                00422380 f   utils.o
 0001:0002144f       _getnameddir               0042244f f   utils.o
 0001:000214f9       _dirchar                   004224f9 f   utils.o
 0001:00021522       _dircmp                    00422522 f   utils.o
 0001:00021572       _preprompt                 00422572 f   utils.o
 0001:00021724       _checkmailpath             00422724 f   utils.o
 0001:00021a03       _freecompcond              00422a03 f   utils.o
 0001:00021b0d       _freestr                   00422b0d f   utils.o
 0001:00021b18       _adjustwinsize             00422b18 f   utils.o
 0001:00021bfc       _movefd                    00422bfc f   utils.o
 0001:00021c6b       _redup                     00422c6b f   utils.o
 0001:00021cdf       _zclose                    00422cdf f   utils.o
 0001:00021d33       _gettempname               00422d33 f   utils.o
 0001:00021d64       _has_token                 00422d64 f   utils.o
 0001:00021d86       _chuck                     00422d86 f   utils.o
 0001:00021da5       _tulower                   00422da5 f   utils.o
 0001:00021de6       _tuupper                   00422de6 f   utils.o
 0001:00021e27       _ztrncpy                   00422e27 f   utils.o
 0001:00021e52       _strucpy                   00422e52 f   utils.o
 0001:00021e6c       _struncpy                  00422e6c f   utils.o
 0001:00021e97       _arrlen                    00422e97 f   utils.o
 0001:00021ea9       _skipparens                00422ea9 f   utils.o
 0001:00021ee3       _zstrtol                   00422ee3 f   utils.o
 0001:00021fc8       _checkrmall                00422fc8 f   utils.o
 0001:00022069       _getquery                  00423069 f   utils.o
 0001:000221b1       _spscan                    004231b1 f   utils.o
 0001:000221f3       _spckword                  004231f3 f   utils.o
 0001:00022707       _ztrftime                  00423707 f   utils.o
 0001:00022899       _zjoin                     00423899 f   utils.o
 0001:0002290f       _skipwsep                  0042390f f   utils.o
 0001:0002294e       _spacesplit                0042394e f   utils.o
 0001:00022aa3       _findsep                   00423aa3 f   utils.o
 0001:00022b5d       _findword                  00423b5d f   utils.o
 0001:00022bdf       _wordcount                 00423bdf f   utils.o
 0001:00022cee       _sepjoin                   00423cee f   utils.o
 0001:00022da9       _sepsplit                  00423da9 f   utils.o
 0001:00022e58       _getshfunc                 00423e58 f   utils.o
 0001:00022ec3       _allocnode                 00423ec3 f   utils.o
 0001:00022f0f       _dupstruct                 00423f0f f   utils.o
 0001:00022f83       _simplifystruct            00423f83 f   utils.o
 0001:000230f7       _expandstruct              004240f7 f   utils.o
 0001:00023364       _dupnode                   00424364 f   utils.o
 0001:0002345f       _freetreenode              0042445f f   utils.o
 0001:000234d2       _dupstruct2                004244d2 f   utils.o
 0001:00023685       _freestruct                00424685 f   utils.o
 0001:00023799       _duplist                   00424799 f   utils.o
 0001:000237c9       _duparray                  004247c9 f   utils.o
 0001:00023809       _list2arr                  00424809 f   utils.o
 0001:00023848       _arr2list                  00424848 f   utils.o
 0001:00023877       _mkarray                   00424877 f   utils.o
 0001:0002389b       _feep                      0042489b f   utils.o
 0001:000238ad       _freearray                 004248ad f   utils.o
 0001:000238d1       _equalsplit                004248d1 f   utils.o
 0001:000238f9       _simplifyright             004248f9 f   utils.o
 0001:00023956       _inittyptab                00424956 f   utils.o
 0001:00023b18       _arrdup                    00424b18 f   utils.o
 0001:00023b62       _spname                    00424b62 f   utils.o
 0001:00023c16       _mindist                   00424c16 f   utils.o
 0001:00023cec       _spdist                    00424cec f   utils.o
 0001:00023eb7       _metafy                    00424eb7 f   utils.o
 0001:00023fcf       _unmetafy                  00424fcf f   utils.o
 0001:0002401a       _metalen                   0042501a f   utils.o
 0001:0002403f       _unmeta                    0042503f f   utils.o
 0001:00024092       _ztrcmp                    00425092 f   utils.o
 0001:000240f8       _metadiffer                004250f8 f   utils.o
 0001:000241bd       _ztrlen                    004251bd f   utils.o
 0001:000241d4       _ztrsub                    004251d4 f   utils.o
 0001:000241f1       _zreaddir                  004251f1 f   utils.o
 0001:00024213       _zputs                     00425213 f   utils.o
 0001:00024249       _nicezputs                 00425249 f   utils.o
 0001:000242a6       _niceztrlen                004252a6 f   utils.o
 0001:00024300       _hasspecial                00425300 f   utils.o
 0001:00024332       _quotedzputs               00425332 f   utils.o
 0001:0002448c       _optlookup                 0042548c f   utils.o
 0001:00024526       _optlookupc                00425526 f   utils.o
 0001:00024574       _dosetopt                  00425574 f   utils.o
 0001:000245f1       _dupstrpfx                 004255f1 f   utils.o
 0001:0002461a       _ztrduppfx                 0042561a f   utils.o
 0001:00024642       _remember_edits            00425642 f   zle_hist.o
 0001:000246cf       _forget_edits              004256cf f   zle_hist.o
 0001:00024705       _uphistory                 00425705 f   zle_hist.o
 0001:0002475b       _uplineorhistory           0042575b f   zle_hist.o
 0001:00024837       _viuplineorhistory         00425837 f   zle_hist.o
 0001:000248cb       _uplineorsearch            004258cb f   zle_hist.o
 0001:0002499e       _downlineorhistory         0042599e f   zle_hist.o
 0001:00024a71       _vidownlineorhistory       00425a71 f   zle_hist.o
 0001:00024af3       _downlineorsearch          00425af3 f   zle_hist.o
 0001:00024bbd       _acceptlineanddownhistory  00425bbd f   zle_hist.o
 0001:00024bff       _downhistory               00425bff f   zle_hist.o
 0001:00024c55       _historysearchbackward     00425c55 f   zle_hist.o
 0001:00024d02       _historysearchforward      00425d02 f   zle_hist.o
 0001:00024dc0       _beginningofbufferorhistory 00425dc0 f   zle_hist.o
 0001:00024dd6       _beginningofhistory        00425dd6 f   zle_hist.o
 0001:00024e10       _endofbufferorhistory      00425e10 f   zle_hist.o
 0001:00024e2b       _endofhistory              00425e2b f   zle_hist.o
 0001:00024e62       _insertlastword            00425e62 f   zle_hist.o
 0001:00024fb5       _qgetevent                 00425fb5 f   zle_hist.o
 0001:00024fcf       _zle_get_event             00425fcf f   zle_hist.o
 0001:00024ffa       _pushline                  00425ffa f   zle_hist.o
 0001:0002506b       _pushlineoredit            0042606b f   zle_hist.o
 0001:0002510b       _pushinput                 0042610b f   zle_hist.o
 0001:00025129       _getline                   00426129 f   zle_hist.o
 0001:00025185       _historyincrementalsearchbackward 00426185 f   zle_hist.o
 0001:0002518e       _historyincrementalsearchforward 0042618e f   zle_hist.o
 0001:00025197       _doisearch                 00426197 f   zle_hist.o
 0001:000259f1       _acceptandinfernexthistory 004269f1 f   zle_hist.o
 0001:00025a55       _infernexthistory          00426a55 f   zle_hist.o
 0001:00025ab0       _vifetchhistory            00426ab0 f   zle_hist.o
 0001:00025b25       _getvisrchstr              00426b25 f   zle_hist.o
 0001:00025d52       _vihistorysearchforward    00426d52 f   zle_hist.o
 0001:00025d6b       _vihistorysearchbackward   00426d6b f   zle_hist.o
 0001:00025d81       _virepeatsearch            00426d81 f   zle_hist.o
 0001:00025e30       _virevrepeatsearch         00426e30 f   zle_hist.o
 0001:00025e4e       _historybeginningsearchbackward 00426e4e f   zle_hist.o
 0001:00025ecc       _historybeginningsearchforward 00426ecc f   zle_hist.o
 0001:00025f5b       _ungetkey                  00426f5b f   zle_main.o
 0001:00025f9c       _ungetkeys                 00426f9c f   zle_main.o
 0001:00025fc4       _getkey                    00426fc4 f   zle_main.o
 0001:00026196       _zleread                   00427196 f   zle_main.o
 0001:00026605       _getkeycmd                 00427605 f   zle_main.o
 0001:00026869       _ungetkeycmd               00427869 f   zle_main.o
 0001:0002688b       _sendstring                0042788b f   zle_main.o
 0001:000268c1       _makefunckey               004278c1 f   zle_main.o
 0001:000268d1       _initkeybindings           004278d1 f   zle_main.o
 0001:00026ecf       _getkeystring              00427ecf f   zle_main.o
 0001:00027151       _printbind                 00428151 f   zle_main.o
 0001:00027235       _printbinding              00428235 f   zle_main.o
 0001:000272b1       _bin_bindkey               004282b1 f   zle_main.o
 0001:000278cc       _freekeynode               004288cc f   zle_main.o
 0001:000278f8       _describekeybriefly        004288f8 f   zle_main.o
 0001:00027a38       _whereis                   00428a38 f   zle_main.o
 0001:00027c4f       _trashzle                  00428c4f f   zle_main.o
 0001:00027cf2       _selfinsert                00428cf2 f   zle_misc.o
 0001:00027ea1       _selfinsertunmeta          00428ea1 f   zle_misc.o
 0001:00027ec0       _deletechar                00428ec0 f   zle_misc.o
 0001:00027ef8       _backwarddeletechar        00428ef8 f   zle_misc.o
 0001:00027f26       _killwholeline             00428f26 f   zle_misc.o
 0001:00027fae       _killbuffer                00428fae f   zle_misc.o
 0001:00027fc5       _backwardkillline          00428fc5 f   zle_misc.o
 0001:0002803a       _gosmacstransposechars     0042903a f   zle_misc.o
 0001:000280c0       _transposechars            004290c0 f   zle_misc.o
 0001:00028197       _poundinsert               00429197 f   zle_misc.o
 0001:0002822f       _acceptline                0042922f f   zle_misc.o
 0001:0002823a       _acceptandhold             0042923a f   zle_misc.o
 0001:00028272       _killline                  00429272 f   zle_misc.o
 0001:000282e9       _killregion                004292e9 f   zle_misc.o
 0001:00028322       _copyregionaskill          00429322 f   zle_misc.o
 0001:00028359       _yank                      00429359 f   zle_misc.o
 0001:000283ea       _yankpop                   004293ea f   zle_misc.o
 0001:00028488       _overwritemode             00429488 f   zle_misc.o
 0001:00028490       _undefinedkey              00429490 f   zle_misc.o
 0001:00028495       _quotedinsert              00429495 f   zle_misc.o
 0001:000284ba       _digitargument             004294ba f   zle_misc.o
 0001:000284f8       _negargument               004294f8 f   zle_misc.o
 0001:00028518       _universalargument         00429518 f   zle_misc.o
 0001:00028545       _copyprevword              00429545 f   zle_misc.o
 0001:000285b2       _sendbreak                 004295b2 f   zle_misc.o
 0001:000285bd       _undo                      004295bd f   zle_misc.o
 0001:00028680       _quoteregion               00429680 f   zle_misc.o
 0001:00028725       _quoteline                 00429725 f   zle_misc.o
 0001:0002876d       _makequote                 0042976d f   zle_misc.o
 0001:000287c7       _executenamedcommand       004297c7 f   zle_misc.o
 0001:00028ba7       _stradd                    00429ba7 f   zle_misc.o
 0001:00028c87       _putstr                    00429c87 f   zle_misc.o
 0001:00028cb2       _tsetcap                   00429cb2 f   zle_misc.o
 0001:00028da1       _putprompt                 00429da1 f   zle_misc.o
 0001:00028f08       _putpromptchar             00429f08 f   zle_misc.o
 0001:00029b62       _pputc                     0042ab62 f   zle_misc.o
 0001:00029c04       _addbufspc                 0042ac04 f   zle_misc.o
 0001:00029c6a       _beginningofline           0042ac6a f   zle_move.o
 0001:00029cd1       _endofline                 0042acd1 f   zle_move.o
 0001:00029d48       _beginningoflinehist       0042ad48 f   zle_move.o
 0001:00029dac       _endoflinehist             0042adac f   zle_move.o
 0001:00029e1b       _forwardchar               0042ae1b f   zle_move.o
 0001:00029e48       _backwardchar              0042ae48 f   zle_move.o
 0001:00029e75       _setmarkcommand            0042ae75 f   zle_move.o
 0001:00029e80       _exchangepointandmark      0042ae80 f   zle_move.o
 0001:00029ea7       _vigotocolumn              0042aea7 f   zle_move.o
 0001:00029efb       _vimatchbracket            0042aefb f   zle_move.o
 0001:0002a01a       _viforwardchar             0042b01a f   zle_move.o
 0001:0002a072       _vibackwardchar            0042b072 f   zle_move.o
 0001:0002a0c8       _viendofline               0042b0c8 f   zle_move.o
 0001:0002a113       _vibeginningofline         0042b113 f   zle_move.o
 0001:0002a11e       _vifindnextchar            0042b11e f   zle_move.o
 0001:0002a144       _vifindprevchar            0042b144 f   zle_move.o
 0001:0002a167       _vifindnextcharskip        0042b167 f   zle_move.o
 0001:0002a18d       _vifindprevcharskip        0042b18d f   zle_move.o
 0001:0002a1b3       _virepeatfind              0042b1b3 f   zle_move.o
 0001:0002a272       _virevrepeatfind           0042b272 f   zle_move.o
 0001:0002a2a5       _vifirstnonblank           0042b2a5 f   zle_move.o
 0001:0002a2d6       _visetmark                 0042b2d6 f   zle_move.o
 0001:0002a30c       _vigotomark                0042b30c f   zle_move.o
 0001:0002a391       _vigotomarkline            0042b391 f   zle_move.o
 0001:0002a39b       _resetvideo                0042b39b f   zle_refresh.o
 0001:0002a579       _scrollwindow              0042b579 f   zle_refresh.o
 0001:0002a5c7       _refresh                   0042b5c7 f   zle_refresh.o
 0001:0002b475       _refreshline               0042c475 f   zle_refresh.o
 0001:0002ba6b       _moveto                    0042ca6b f   zle_refresh.o
 0001:0002bc2e       _tcmultout                 0042cc2e f   zle_refresh.o
 0001:0002bc8a       _tc_rightcurs              0042cc8a f   zle_refresh.o
 0001:0002bdfd       _tc_downcurs               0042cdfd f   zle_refresh.o
 0001:0002be43       _tcout                     0042ce43 f   zle_refresh.o
 0001:0002be5e       _tcoutarg                  0042ce5e f   zle_refresh.o
 0001:0002be87       _clearscreen               0042ce87 f   zle_refresh.o
 0001:0002bea1       _redisplay                 0042cea1 f   zle_refresh.o
 0001:0002bedc       _singlerefresh             0042cedc f   zle_refresh.o
 0001:0002c189       _singmoveto                0042d189 f   zle_refresh.o
 0001:0002c224       _genprompts                0042d224 f   zle_refresh.o
 0001:0002c296       _backdelreal               0042d296 f   zle_tricky.o
 0001:0002c2ca       _foredelreal               0042d2ca f   zle_tricky.o
 0001:0002c2fa       _usetab                    0042d2fa f   zle_tricky.o
 0001:0002c328       _completeword              0042d328 f   zle_tricky.o
 0001:0002c360       _menucomplete              0042d360 f   zle_tricky.o
 0001:0002c396       _listchoices               0042d396 f   zle_tricky.o
 0001:0002c3b7       _spellword                 0042d3b7 f   zle_tricky.o
 0001:0002c3ce       _deletecharorlist          0042d3ce f   zle_tricky.o
 0001:0002c411       _expandword                0042d411 f   zle_tricky.o
 0001:0002c43f       _expandorcomplete          0042d43f f   zle_tricky.o
 0001:0002c477       _menuexpandorcomplete      0042d477 f   zle_tricky.o
 0001:0002c4ad       _listexpand                0042d4ad f   zle_tricky.o
 0001:0002c4ce       _reversemenucomplete       0042d4ce f   zle_tricky.o
 0001:0002c539       _acceptandmenucomplete     0042d539 f   zle_tricky.o
 0001:0002c5fc       _checkparams               0042d5fc f   zle_tricky.o
 0001:0002c6a5       _cmphaswilds               0042d6a5 f   zle_tricky.o
 0001:0002c842       _docomplete                0042d842 f   zle_tricky.o
 0001:0002cecf       _do_menucmp                0042decf f   zle_tricky.o
 0001:0002cf34       _addx                      0042df34 f   zle_tricky.o
 0001:0002cffb       _dupstrspace               0042dffb f   zle_tricky.o
 0001:0002d035       _metafy_line               0042e035 f   zle_tricky.o
 0001:0002d09c       _unmetafy_line             0042e09c f   zle_tricky.o
 0001:0002d0c9       _get_comp_string           0042e0c9 f   zle_tricky.o
 0001:0002d907       _doexpansion               0042e907 f   zle_tricky.o
 0001:0002dac8       _gotword                   0042eac8 f   zle_tricky.o
 0001:0002daf8       _inststrlen                0042eaf8 f   zle_tricky.o
 0001:0002db56       _quotename                 0042eb56 f   zle_tricky.o
 0001:0002dca2       _addmatch                  0042eca2 f   zle_tricky.o
 0001:0002e348       _maketildelist             0042f348 f   zle_tricky.o
 0001:0002e379       _rembslash                 0042f379 f   zle_tricky.o
 0001:0002e3a7       _getcpat                   0042f3a7 f   zle_tricky.o
 0001:0002e4c7       _get_ccompctl              0042f4c7 f   zle_tricky.o
 0001:0002ec20       _dumphashtable             0042fc20 f   zle_tricky.o
 0001:0002ec58       _addhnmatch                0042fc58 f   zle_tricky.o
 0001:0002ec69       _getreal                   0042fc69 f   zle_tricky.o
 0001:0002ecce       _gen_matches_files         0042fcce f   zle_tricky.o
 0001:0002effc       _quotepresuf               0042fffc f   zle_tricky.o
 0001:0002f031       _docompletion              00430031 f   zle_tricky.o
 0001:0002f1d9       _makecomplist              004301d9 f   zle_tricky.o
 0001:00030a2d       _invalidatelist            00431a2d f   zle_tricky.o
 0001:00030b09       _get_user_var              00431b09 f   zle_tricky.o
 0001:00030c14       _strbpcmp                  00431c14 f   zle_tricky.o
 0001:00030c57       _makearray                 00431c57 f   zle_tricky.o
 0001:00030d08       _do_ambiguous              00431d08 f   zle_tricky.o
 0001:00030e85       _ztat                      00431e85 f   zle_tricky.o
 0001:00030eda       _do_single                 00431eda f   zle_tricky.o
 0001:000314d8       _do_ambig_menu             004324d8 f   zle_tricky.o
 0001:00031501       _strpfx                    00432501 f   zle_tricky.o
 0001:00031524       _stripfx                   00432524 f   zle_tricky.o
 0001:00031565       _strsfx                    00432565 f   zle_tricky.o
 0001:0003159d       _strisfx                   0043259d f   zle_tricky.o
 0001:000315d6       _pfxlen                    004325d6 f   zle_tricky.o
 0001:000315f7       _pfxilen                   004325f7 f   zle_tricky.o
 0001:00031640       _sfxlen                    00432640 f   zle_tricky.o
 0001:0003169b       _sfxilen                   0043269b f   zle_tricky.o
 0001:00031714       _printfmt                  00432714 f   zle_tricky.o
 0001:000317de       _listmatches               004327de f   zle_tricky.o
 0001:00032000       _listlist                  00433000 f   zle_tricky.o
 0001:000320c8       _selectlist                004330c8 f   zle_tricky.o
 0001:0003223b       _doexpandhist              0043323b f   zle_tricky.o
 0001:000323c7       _magicspace                004333c7 f   zle_tricky.o
 0001:000323db       _expandhistory             004333db f   zle_tricky.o
 0001:000323ea       _getcurcmd                 004333ea f   zle_tricky.o
 0001:000324d8       _processcmd                004334d8 f   zle_tricky.o
 0001:0003256c       _expandcmdpath             0043356c f   zle_tricky.o
 0001:00032662       _expandorcompleteprefix    00433662 f   zle_tricky.o
 0001:000326bf       _sizeline                  004336bf f   zle_utils.o
 0001:000326eb       _spaceinline               004336eb f   zle_utils.o
 0001:00032745       _shiftchars                00433745 f   zle_utils.o
 0001:0003279a       _backkill                  0043379a f   zle_utils.o
 0001:000327c4       _forekill                  004337c4 f   zle_utils.o
 0001:000327e8       _cut                       004337e8 f   zle_utils.o
 0001:00032ab0       _backdel                   00433ab0 f   zle_utils.o
 0001:00032ac9       _foredel                   00433ac9 f   zle_utils.o
 0001:00032adb       _setline                   00433adb f   zle_utils.o
 0001:00032b2e       _findbol                   00433b2e f   zle_utils.o
 0001:00032b48       _findeol                   00433b48 f   zle_utils.o
 0001:00032b67       _findline                  00433b67 f   zle_utils.o
 0001:00032b7e       _initundo                  00433b7e f   zle_utils.o
 0001:00032bd7       _addundo                   00433bd7 f   zle_utils.o
 0001:00032d25       _hstrnstr                  00433d25 f   zle_utils.o
 0001:00032d9f       _getzlequery               00433d9f f   zle_utils.o
 0001:00032de3       _vigetkey                  00433de3 f   zle_vi.o
 0001:00032eaa       _getvirange                00433eaa f   zle_vi.o
 0001:000330bd       _viaddnext                 004340bd f   zle_vi.o
 0001:000331c1       _viaddeol                  004341c1 f   zle_vi.o
 0001:000331d4       _viinsert                  004341d4 f   zle_vi.o
 0001:000331dd       _viinsertbol               004341dd f   zle_vi.o
 0001:000331eb       _videlete                  004341eb f   zle_vi.o
 0001:0003324b       _videletechar              0043424b f   zle_vi.o
 0001:000332b7       _vichange                  004342b7 f   zle_vi.o
 0001:000332ff       _visubstitute              004342ff f   zle_vi.o
 0001:0003336c       _vichangeeol               0043436c f   zle_vi.o
 0001:0003338a       _vichangewholeline         0043438a f   zle_vi.o
 0001:00033394       _viyank                    00434394 f   zle_vi.o
 0001:000333da       _viyankeol                 004343da f   zle_vi.o
 0001:0003340a       _viyankwholeline           0043440a f   zle_vi.o
 0001:0003348a       _vireplace                 0043448a f   zle_vi.o
 0001:00033493       _vireplacechars            00434493 f   zle_vi.o
 0001:00033543       _vicmdmode                 00434543 f   zle_vi.o
 0001:0003357f       _viopenlinebelow           0043457f f   zle_vi.o
 0001:000335af       _viopenlineabove           004345af f   zle_vi.o
 0001:000335d9       _vioperswapcase            004345d9 f   zle_vi.o
 0001:000336eb       _virepeatchange            004346eb f   zle_vi.o
 0001:0003374f       _viindent                  0043474f f   zle_vi.o
 0001:000337dd       _viunindent                004347dd f   zle_vi.o
 0001:00033868       _vibackwarddeletechar      00434868 f   zle_vi.o
 0001:000338f7       _vikillline                004348f7 f   zle_vi.o
 0001:00033915       _viputbefore               00434915 f   zle_vi.o
 0001:000339f8       _viputafter                004349f8 f   zle_vi.o
 0001:00033af0       _vijoin                    00434af0 f   zle_vi.o
 0001:00033b7c       _viswapcase                00434b7c f   zle_vi.o
 0001:00033c8e       _vicapslockpanic           00434c8e f   zle_vi.o
 0001:00033cef       _visetbuffer               00434cef f   zle_vi.o
 0001:00033d76       _vikilleol                 00434d76 f   zle_vi.o
 0001:00033dac       _vipoundinsert             00434dac f   zle_vi.o
 0001:00033e36       _viquotedinsert            00434e36 f   zle_vi.o
 0001:00033e7a       _forwardword               00434e7a f   zle_word.o
 0001:00033f04       _viforwardword             00434f04 f   zle_word.o
 0001:00033fbd       _viforwardblankword        00434fbd f   zle_word.o
 0001:00034047       _emacsforwardword          00435047 f   zle_word.o
 0001:000340d1       _viforwardblankwordend     004350d1 f   zle_word.o
 0001:0003415d       _viforwardwordend          0043515d f   zle_word.o
 0001:00034233       _backwardword              00435233 f   zle_word.o
 0001:000342a8       _vibackwardword            004352a8 f   zle_word.o
 0001:00034349       _vibackwardblankword       00435349 f   zle_word.o
 0001:000343be       _emacsbackwardword         004353be f   zle_word.o
 0001:00034433       _backwarddeleteword        00435433 f   zle_word.o
 0001:000344ae       _vibackwardkillword        004354ae f   zle_word.o
 0001:00034562       _backwardkillword          00435562 f   zle_word.o
 0001:000345e0       _upcaseword                004355e0 f   zle_word.o
 0001:00034691       _downcaseword              00435691 f   zle_word.o
 0001:00034742       _capitalizeword            00435742 f   zle_word.o
 0001:00034885       _deleteword                00435885 f   zle_word.o
 0001:00034908       _killword                  00435908 f   zle_word.o
 0001:0003498e       _transposewords            0043598e f   zle_word.o
 0001:00034b69       _nt_init                   00435b69 f   support.o
 0001:00034d71       _gethostname               00435d71 f   support.o
 0001:00034d81       _set_default_path          00435d81 f   support.o
 0001:00034e96       _gettimeofday              00435e96 f   support.o
 0001:00034ec0       _getlogin                  00435ec0 f   support.o
 0001:00034efa       _make_err_str              00435efa f   support.o
 0001:00034f1b       _forward_slash_get_cwd     00435f1b f   support.o
 0001:00034f44       _nt_execve_wrapped         00435f44 f   support.o
 0001:000352de       _nt_execve                 004362de f   support.o
 0001:0003534c       _nt_chdir                  0043634c f   support.o
 0001:00035377       _caseify_pwd               00436377 f   support.o
 0001:00035402       _is_pathext                00436402 f   support.o
 0001:0003547f       _silly_entry               0043647f f   support.o
 0001:00035543       _fix_path_for_child        00436543 f   support.o
 0001:000355a2       _copy_quote_and_fix_slashes 004365a2 f   support.o
 0001:0003562b       _concat_args_and_quote     0043662b f   support.o
 0001:000357c0       _fmt_pwd_for_prompt        004367c0 f   support.o
 0001:00035854       _bin_true                  00436854 f   bogus.o
 0001:00035854       _getgrnam                  00436854 f   bogus.o
 0001:00035854       _getgid                    00436854 f   bogus.o
 0001:00035854       _gettygrp                  00436854 f   bogus.o
 0001:00035854       __matherr                  00436854 f   bogus.o
 0001:00035854       _setblock_stdin            00436854 f   bogus.o
 0001:00035854       _bin_log                   00436854 f   bogus.o
 0001:00035854       _geteuid                   00436854 f   bogus.o
 0001:00035854       _getuid                    00436854 f   bogus.o
 0001:00035854       _ispwd                     00436854 f   bogus.o
 0001:00035854       _nt_clearerr               00436854 f   bogus.o
 0001:00035854       _nt_fflush                 00436854 f   bogus.o
 0001:00035854       _getegid                   00436854 f   bogus.o
 0001:00035854       _qualisblk                 00436854 f   bogus.o
 0001:00035854       _bin_times                 00436854 f   bogus.o
 0001:00035857       _getpwnam                  00436857 f   bogus.o
 0001:000358e3       _getpwuid                  004368e3 f   bogus.o
 0001:0003595d       _times                     0043695d f   bogus.o
 0001:00035961       _opendir                   00436961 f   dirent.o
 0001:00035bfd       _closedir                  00436bfd f   dirent.o
 0001:00035c48       _readdir                   00436c48 f   dirent.o
 0001:00035d6a       _open_enum                 00436d6a f   dirent.o
 0001:00035e62       _close_enum                00436e62 f   dirent.o
 0001:00035e95       _enum_next_share           00436e95 f   dirent.o
 0001:00035eff       _force_read                00436eff f   io.o
 0001:00035f8f       _nt_read                   00436f8f f   io.o
 0001:0003612f       _nt_write                  0043712f f   io.o
 0001:000361ae       _consoleread               004371ae f   io.o
 0001:00036425       _nt_open                   00437425 f   io.o
 0001:0003654d       _get_teb                   0043754d f   fork.o
 0001:0003657a       _fork_init                 0043757a f   fork.o
 0001:000365c2       _fork                      004375c2 f   fork.o
 0001:00036870       _stack_probe               00437870 f   fork.o
 0001:0003688f       _heap_init                 0043788f f   fork.o
 0001:0003692c       _sbrk                      0043792c f   fork.o
 0001:0003697a       _fmalloc                   0043797a f   fork.o
 0001:00036a8a       _ffree                     00437a8a f   fork.o
 0001:00036add       _frealloc                  00437add f   fork.o
 0001:00036bfd       _showall                   00437bfd f   fork.o
 0001:00036c5e       _fork_copy_user_mem        00437c5e f   globals.o
 0001:00036c91       _is_gui                    00437c91 f   globals.o
 0001:00036d78       _is_9x_gui                 00437d78 f   globals.o
 0001:00036e0d       _nt_init_signals           00437e0d f   signal.o
 0001:00036e9f       _suspend_main_thread       00437e9f f   signal.o
 0001:00036eac       _resume_main_thread        00437eac f   signal.o
 0001:00036eb9       _sigaddset                 00437eb9 f   signal.o
 0001:00036ee7       _sigdelset                 00437ee7 f   signal.o
 0001:00036f17       _deliver_pending           00437f17 f   signal.o
 0001:00036f58       _sigprocmask               00437f58 f   signal.o
 0001:00036fab       _sigsuspend                00437fab f   signal.o
 0001:0003702f       _sigaction                 0043802f f   signal.o
 0001:00037079       _inc_pending               00438079 f   signal.o
 0001:0003708c       _ctrl_handler              0043808c f   signal.o
 0001:00037099       _generic_handler           00438099 f   signal.o
 0001:00037270       __nt_signal                00438270 f   signal.o
 0001:000372a2       _waitpid                   004382a2 f   signal.o
 0001:00037310       _alarm_callback@4          00438310 f   signal.o
 0001:00037344       _alarm                     00438344 f   signal.o
 0001:000373c1       _add_to_child_list         004383c1 f   signal.o
 0001:0003743e       _sig_child_callback        0043843e f   signal.o
 0001:000374b8       _sigchild_thread           004384b8 f   signal.o
 0001:000374fb       _start_sigchild_thread     004384fb f   signal.o
 0001:00037530       _kill                      00438530 f   signal.o
 0001:000375b9       _nice                      004385b9 f   signal.o
 0001:000376bf       _tgetnum                   004386bf f   termcap.o
 0001:00037718       _tgetflag                  00438718 f   termcap.o
 0001:0003773a       _tgetstr                   0043873a f   termcap.o
 0001:0003786c       _tputs                     0043886c f   termcap.o
 0001:00037920       _tgetent                   00438920 f   termcap.o
 0001:0003794a       _tgoto                     0043894a f   tparam.o
 0001:00037cdf       _redo_console              00438cdf f   console.o
 0001:00037d25       _nt_term_init              00438d25 f   console.o
 0001:00037db3       _nt_ClearEOL               00438db3 f   console.o
 0001:00037e57       _nt_move_next_tab          00438e57 f   console.o
 0001:00037e8f       _NT_MoveToLineOrChar       00438e8f f   console.o
 0001:00037f5a       _ScrollBuf                 00438f5a f   console.o
 0001:00037fdd       _nt_getsize                00438fdd f   console.o
 0001:0003801b       _NT_ClearEOD               0043901b f   console.o
 0001:00038083       _NT_ClearScreen            00439083 f   console.o
 0001:000380f5       _NT_ClearScreen_WholeBuffer 004390f5 f   console.o
 0001:00038161       _nt_term_standout_on       00439161 f   console.o
 0001:0003818a       _nt_term_standout_off      0043918a f   console.o
 0001:000381a9       _tc_putc                   004391a9 f   tparse.o
 0001:00038326       _move_cursor               00439326 f   tparse.o
 0001:0003835d       _init_stdio                0043935d f   stdio.o
 0001:000383c0       _f_isset                   004393c0 f   stdio.o
 0001:000383d0       _f_hisset                  004393d0 f   stdio.o
 0001:000383f9       _restore_fds               004393f9 f   stdio.o
 0001:00038458       _close_copied_fds          00439458 f   stdio.o
 0001:0003847c       _copy_fds                  0043947c f   stdio.o
 0001:000384ce       _nt_fdopen                 004394ce f   stdio.o
 0001:000384da       _nt_fileno                 004394da f   stdio.o
 0001:00038503       ___nt_get_osfhandle        00439503 f   stdio.o
 0001:0003850f       ___nt_open_osfhandle       0043950f f   stdio.o
 0001:00038552       _nt_write2                 00439552 f   stdio.o
 0001:000385fc       _nt_fputc                  004395fc f   stdio.o
 0001:00038620       _nt_fprintf                00439620 f   stdio.o
 0001:000386d1       _nt_printf                 004396d1 f   stdio.o
 0001:00038784       _nt_puts                   00439784 f   stdio.o
 0001:000387bc       _nt_putchar                004397bc f   stdio.o
 0001:000387ce       _nt_fclose                 004397ce f   stdio.o
 0001:000387e6       _nt_close                  004397e6 f   stdio.o
 0001:0003881a       _nt_fgetc                  0043981a f   stdio.o
 0001:00038844       _nt_fputs                  00439844 f   stdio.o
 0001:00038862       _nt_putc                   00439862 f   stdio.o
 0001:00038878       _nt_access                 00439878 f   stdio.o
 0001:000389ae       _nt_open2                  004399ae f   stdio.o
 0001:00038a8c       _nt_fopen                  00439a8c f   stdio.o
 0001:00038b29       _nt_seek                   00439b29 f   stdio.o
 0001:00038b77       _nt_fseek                  00439b77 f   stdio.o
 0001:00038b8f       _nt_lseek                  00439b8f f   stdio.o
 0001:00038bac       _nt_ftell                  00439bac f   stdio.o
 0001:00038bc0       _nt_isatty                 00439bc0 f   stdio.o
 0001:00038bd9       _nt_fread                  00439bd9 f   stdio.o
 0001:00038c3e       _nt_fwrite                 00439c3e f   stdio.o
 0001:00038cec       _nt_dup                    00439cec f   stdio.o
 0001:00038d4c       _nt_dup2                   00439d4c f   stdio.o
 0001:00038dfd       _nt_fgets                  00439dfd f   stdio.o
 0001:00038e78       _nt_pipe2                  00439e78 f   stdio.o
 0001:00038ea7       _nt_pipe                   00439ea7 f   stdio.o
 0001:00038edf       _is_server                 00439edf f   stdio.o
 0001:00038f35       _nt_stat                   00439f35 f   stdio.o
 0001:00038f5b       _nt_fstat                  00439f5b f   stdio.o
 0001:00038fdb       _semicolonarrgetfn         00439fdb f   zsh_nt.o
 0001:00038fee       _semicolonarrsetfn         00439fee f   zsh_nt.o
 0001:00039039       _semicolonsplit            0043a039 f   zsh_nt.o
 0001:000390ec       _semicolon_arrfixenv       0043a0ec f   zsh_nt.o
 0001:000391a3       _bin_start                 0043a1a3 f   ntbin.o
 0001:00039572       _bin_title                 0043a572 f   ntbin.o
 0001:00039679       _bin_cls                   0043a679 f   ntbin.o
 0001:00039681       _init_shell_dll            0043a681 f   ntbin.o
 0001:000396a7       _try_shell_ex              0043a6a7 f   ntbin.o
 0001:00039840       _enum_wincb@8              0043a840 f   ps.o
 0001:000398bd       _Win95Lister               0043a8bd f   ps.o
 0001:00039994       _NTLister                  0043a994 f   ps.o
 0001:00039ac4       _NTLister_old_style        0043aac4 f   ps.o
 0001:00039e91       _init_plister              0043ae91 f   ps.o
 0001:00039f8b       _bin_ps                    0043af8b f   ps.o
 0001:0003a06b       _bin_shutdown              0043b06b f   ps.o
 0001:0003a230       _memset                    0043b230 f   msvcrt:MSVCRT.dll
 0001:0003a236       _strcmp                    0043b236 f   msvcrt:MSVCRT.dll
 0001:0003a23c       _strcpy                    0043b23c f   msvcrt:MSVCRT.dll
 0001:0003a242       _strcat                    0043b242 f   msvcrt:MSVCRT.dll
 0001:0003a248       _memcpy                    0043b248 f   msvcrt:MSVCRT.dll
 0001:0003a250       __alloca_probe             0043b250 f   msvcrt:chkstk.obj
 0001:0003a250       __chkstk                   0043b250 f   msvcrt:chkstk.obj
 0001:0003a280       __except_handler3          0043b280 f   msvcrt:MSVCRT.dll
 0001:0003a286       __ftol                     0043b286 f   msvcrt:MSVCRT.dll
 0001:0003a28c       _memcmp                    0043b28c f   msvcrt:MSVCRT.dll
 0001:0003a292       _mainCRTStartup            0043b292 f   msvcrt:crtexe.obj
 0001:0003a3a2       __setjmp3                  0043b3a2 f   msvcrt:MSVCRT.dll
 0001:0003a3a8       ___lconv_init              0043b3a8 f   msvcrt:MSVCRT.dll
 0001:0003a3ae       __XcptFilter               0043b3ae f   msvcrt:MSVCRT.dll
 0001:0003a3b4       __initterm                 0043b3b4 f   msvcrt:MSVCRT.dll
 0001:0003a3ba       __setdefaultprecision      0043b3ba f   msvcrt:fp8.obj
 0001:0003a3cc       __controlfp                0043b3cc f   msvcrt:MSVCRT.dll
 0002:00000000       __imp__OpenProcessToken@12 0043c000     advapi32:ADVAPI32.dll
 0002:00000004       __imp__LookupPrivilegeValueA@12 0043c004     advapi32:ADVAPI32.dll
 0002:00000008       __imp__AdjustTokenPrivileges@24 0043c008     advapi32:ADVAPI32.dll
 0002:0000000c       __imp__RegOpenKeyExA@20    0043c00c     advapi32:ADVAPI32.dll
 0002:00000010       __imp__RegQueryValueExA@24 0043c010     advapi32:ADVAPI32.dll
 0002:00000014       __imp__RegCloseKey@4       0043c014     advapi32:ADVAPI32.dll
 0002:00000018       __imp__GetUserNameA@8      0043c018     advapi32:ADVAPI32.dll
 0002:0000001c       \177ADVAPI32_NULL_THUNK_DATA 0043c01c     advapi32:ADVAPI32.dll
 0002:00000020       __imp__GetComputerNameA@8  0043c020     kernel32:KERNEL32.dll
 0002:00000024       __imp__GetExitCodeProcess@8 0043c024     kernel32:KERNEL32.dll
 0002:00000028       __imp__GetVersionExA@4     0043c028     kernel32:KERNEL32.dll
 0002:0000002c       __imp__HeapAlloc@12        0043c02c     kernel32:KERNEL32.dll
 0002:00000030       __imp__WideCharToMultiByte@32 0043c030     kernel32:KERNEL32.dll
 0002:00000034       __imp__lstrcatA@8          0043c034     kernel32:KERNEL32.dll
 0002:00000038       __imp__FreeLibrary@4       0043c038     kernel32:KERNEL32.dll
 0002:0000003c       __imp__lstrcpynA@12        0043c03c     kernel32:KERNEL32.dll
 0002:00000040       __imp__CreatePipe@16       0043c040     kernel32:KERNEL32.dll
 0002:00000044       __imp__SetConsoleTitleA@4  0043c044     kernel32:KERNEL32.dll
 0002:00000048       __imp__GetFileAttributesA@4 0043c048     kernel32:KERNEL32.dll
 0002:0000004c       __imp__SetConsoleTextAttribute@8 0043c04c     kernel32:KERNEL32.dll
 0002:00000050       __imp__SetStdHandle@8      0043c050     kernel32:KERNEL32.dll
 0002:00000054       __imp__FillConsoleOutputAttribute@20 0043c054     kernel32:KERNEL32.dll
 0002:00000058       __imp__FillConsoleOutputCharacterA@20 0043c058     kernel32:KERNEL32.dll
 0002:0000005c       __imp__WriteConsoleA@20    0043c05c     kernel32:KERNEL32.dll
 0002:00000060       __imp__SetConsoleCursorPosition@8 0043c060     kernel32:KERNEL32.dll
 0002:00000064       __imp__ScrollConsoleScreenBufferA@20 0043c064     kernel32:KERNEL32.dll
 0002:00000068       __imp__SetConsoleCP@4      0043c068     kernel32:KERNEL32.dll
 0002:0000006c       __imp__SetConsoleOutputCP@4 0043c06c     kernel32:KERNEL32.dll
 0002:00000070       __imp__GetConsoleCP@0      0043c070     kernel32:KERNEL32.dll
 0002:00000074       __imp__SetConsoleMode@8    0043c074     kernel32:KERNEL32.dll
 0002:00000078       __imp__GetConsoleScreenBufferInfo@8 0043c078     kernel32:KERNEL32.dll
 0002:0000007c       __imp__GetConsoleMode@8    0043c07c     kernel32:KERNEL32.dll
 0002:00000080       __imp__SetThreadPriority@8 0043c080     kernel32:KERNEL32.dll
 0002:00000084       __imp__GenerateConsoleCtrlEvent@8 0043c084     kernel32:KERNEL32.dll
 0002:00000088       __imp__SetPriorityClass@8  0043c088     kernel32:KERNEL32.dll
 0002:0000008c       __imp__TerminateProcess@8  0043c08c     kernel32:KERNEL32.dll
 0002:00000090       __imp__CreateThread@24     0043c090     kernel32:KERNEL32.dll
 0002:00000094       __imp__OpenProcess@12      0043c094     kernel32:KERNEL32.dll
 0002:00000098       __imp__LeaveCriticalSection@4 0043c098     kernel32:KERNEL32.dll
 0002:0000009c       __imp__InitializeCriticalSection@4 0043c09c     kernel32:KERNEL32.dll
 0002:000000a0       __imp__EnterCriticalSection@4 0043c0a0     kernel32:KERNEL32.dll
 0002:000000a4       __imp__GetCurrentThread@0  0043c0a4     kernel32:KERNEL32.dll
 0002:000000a8       __imp__DuplicateHandle@28  0043c0a8     kernel32:KERNEL32.dll
 0002:000000ac       __imp__GetCurrentProcess@0 0043c0ac     kernel32:KERNEL32.dll
 0002:000000b0       __imp__VirtualAlloc@16     0043c0b0     kernel32:KERNEL32.dll
 0002:000000b4       __imp__GetSystemInfo@4     0043c0b4     kernel32:KERNEL32.dll
 0002:000000b8       __imp__SearchPathA@24      0043c0b8     kernel32:KERNEL32.dll
 0002:000000bc       __imp__SetEvent@4          0043c0bc     kernel32:KERNEL32.dll
[...]
 0004:00007ddc       ??_C@_0BH@EBGH@beginning?9of?9line?9hist?$AA@ 00454ddc     zle_bindings.o
 0004:00007df4       ??_C@_0BC@LLJI@beginning?9of?9line?$AA@ 00454df4     zle_bindings.o
 0004:00007e08       ??_C@_0BF@BAPN@beginning?9of?9history?$AA@ 00454e08     zle_bindings.o
 0004:00007e20       ??_C@_0BP@ICMK@beginning?9of?9buffer?9or?9history?$AA@ 00454e20     zle_bindings.o
 0004:00007e40       ??_C@_0O@BCKK@backward?9word?$AA@ 00454e40     zle_bindings.o
 0004:00007e50       ??_C@_0BD@LLL@backward?9kill?9word?$AA@ 00454e50     zle_bindings.o
 0004:00007e64       ??_C@_0BD@NIEL@backward?9kill?9line?$AA@ 00454e64     zle_bindings.o
 0004:00007e78       ??_C@_0BF@BIOJ@backward?9delete?9word?$AA@ 00454e78     zle_bindings.o
 0004:00007e90       ??_C@_0BF@GBLF@backward?9delete?9char?$AA@ 00454e90     zle_bindings.o
 0004:00007ea8       ??_C@_0O@GLPG@backward?9char?$AA@ 00454ea8     zle_bindings.o
 0004:00007eb8       ??_C@_0BN@9accept?9line?9and?9down?9history?$AA@ 00454eb8     zle_bindings.o
 0004:00007ed8       ??_C@_0M@BOGC@accept?9line?$AA@ 00454ed8     zle_bindings.o
 0004:00007ee4       ??_C@_0BJ@GEHK@accept?9and?9menu?9complete?$AA@ 00454ee4     zle_bindings.o
 0004:00007f00       ??_C@_0BO@EPF@accept?9and?9infer?9next?9history?$AA@ 00454f00     zle_bindings.o
 0004:00007f20       ??_C@_0BA@KELH@accept?9and?9hold?$AA@ 00454f20     zle_bindings.o
 0004:00007f3c       ??_C@_03HLHL@bck?$AA@      00454f3c     zle_hist.o
 0004:00007f40       ??_C@_03CHP@fwd?$AA@       00454f40     zle_hist.o
 0004:00007f44       ??_C@_0BH@JHDE@failing?5XXX?9i?9search?3?5?$AA@ 00454f44     zle_hist.o
 0004:00007f60       _linesz                    00454f60     zle_main.o
 0004:00007f64       _mark                      00454f64     zle_main.o
 0004:00007f68       _c                         00454f68     zle_main.o
 0004:00007f6c       _bindk                     00454f6c     zle_main.o
 0004:00007f70       _zmult                     00454f70     zle_main.o
 0004:00007f74       _vibufspec                 00454f74     zle_main.o
 0004:00007f78       _vibufappend               00454f78     zle_main.o
 0004:00007f7c       _insmode                   00454f7c     zle_main.o
 0004:00007f80       _in_vared                  00454f80     zle_main.o
 0004:00007f84       _cs                        00454f84     zle_main.o
 0004:00007f88       _ll                        00454f88     zle_main.o
 0004:00007f8c       _lppth                     00454f8c     zle_main.o
 0004:00007f90       _lastnamed                 00454f90     zle_main.o
 0004:00007f94       _done                      00454f94     zle_main.o
 0004:00007f98       _histline                  00454f98     zle_main.o
 0004:00007f9c       _resetneeded               00454f9c     zle_main.o
 0004:00007fa0       _zleactive                 00454fa0     zle_main.o
 0004:00007fa4       _line                      00454fa4     zle_main.o
 0004:00007fa8       _lpmpt                     00454fa8     zle_main.o
 0004:00007fac       _rpmpt                     00454fac     zle_main.o
 0004:00007fb0       _curhistline               00454fb0     zle_main.o
 0004:00007fb4       _statusline                00454fb4     zle_main.o
 0004:00007fb8       _statusll                  00454fb8     zle_main.o
 0004:00007fbc       _addedsuffix               00454fbc     zle_main.o
 0004:00007fc0       _complexpect               00454fc0     zle_main.o
 0004:00007fc4       _stackhist                 00454fc4     zle_main.o
 0004:00007fc8       _stackcs                   00454fc8     zle_main.o
 0004:00007fcc       _menucmp                   00454fcc     zle_main.o
 0004:00007fd0       _undoing                   00454fd0     zle_main.o
 0004:00007fd4       _inzlefunc                 00454fd4     zle_main.o
 0004:00007fd8       _vichgbufsz                00454fd8     zle_main.o
 0004:00007fdc       _vichgbufptr               00454fdc     zle_main.o
 0004:00007fe0       _vichgflag                 00454fe0     zle_main.o
 0004:00007fe4       _vichgbuf                  00454fe4     zle_main.o
 0004:00007fe8       _viinsbegin                00454fe8     zle_main.o
 0004:00007fec       _gotmult                   00454fec     zle_main.o
 0004:00007ff0       _gotvibufspec              00454ff0     zle_main.o
 0004:00007ff8       _undos                     00454ff8     zle_main.o
 0004:000084f8       _lastline                  004554f8     zle_main.o
 0004:000084fc       _undoct                    004554fc     zle_main.o
 0004:00008500       _lastcs                    00455500     zle_main.o
 0004:00008504       _lastll                    00455504     zle_main.o
 0004:00008508       _visrchstr                 00455508     zle_main.o
 0004:0000850c       _visrchsense               0045550c     zle_main.o
 0004:00008510       _bindtab                   00455510     zle_main.o
 0004:00008514       _mainbindtab               00455514     zle_main.o
 0004:00008518       _altbindtab                00455518     zle_main.o
 0004:00008918       _cutbuf                    00455918     zle_main.o
 0004:00008928       _kring                     00455928     zle_main.o
 0004:00008988       _kringnum                  00455988     zle_main.o
 0004:00008990       _vibuf                     00455990     zle_main.o
 0004:0000933c       ??_C@_0BG@GKIJ@error?5on?5TTY?5read?3?5?$CFe?$AA@ 0045633c     zle_main.o
 0004:00009354       ??_C@_0CM@NGHO@string?5inserting?5another?5one?5too@ 00456354     zle_main.o
 0004:00009380       ??_C@_09OFOC@execute?3?5?$AA@ 00456380     zle_main.o
 0004:0000938c       ??_C@_02BAMF@?$BLq?$AA@    0045638c     zle_main.o
 0004:00009390       ??_C@_02CCDF@?$BI?$BI?$AA@ 00456390     zle_main.o
 0004:00009394       ??_C@_02IBGG@?$BIu?$AA@    00456394     zle_main.o
 0004:00009398       ??_C@_02NEID@?$BIr?$AA@    00456398     zle_main.o
 0004:0000939c       ??_C@_02HOBE@?$BIs?$AA@    0045639c     zle_main.o
 0004:000093a0       ??_C@_02IKND@?$BI?$AC?$AA@ 004563a0     zle_main.o
 0004:000093a4       ??_C@_02NOGL@?$BI?6?$AA@   004563a4     zle_main.o
 0004:000093a8       ??_C@_02IJPP@?$BI?$BG?$AA@ 004563a8     zle_main.o
 0004:000093ac       ??_C@_02HGEG@?$BI?$BF?$AA@ 004563ac     zle_main.o
 0004:000093b0       ??_C@_02NOKA@?$BI?$AP?$AA@ 004563b0     zle_main.o
 0004:000093b4       ??_C@_02CAIP@?$BI?$AG?$AA@ 004563b4     zle_main.o
 0004:000093b8       ??_C@_02HEPM@?$BI?$AL?$AA@ 004563b8     zle_main.o
 0004:000093bc       ??_C@_02HEDH@?$BI?$AO?$AA@ 004563bc     zle_main.o
 0004:000093c0       ??_C@_02CPNI@?$BIG?$AA@    004563c0     zle_main.o
 0004:000093c4       ??_C@_02HNDI@?$BIg?$AA@    004563c4     zle_main.o
 0004:000093c8       ??_C@_02IMIL@?$BI?$CK?$AA@ 004563c8     zle_main.o
 0004:000093cc       ??_C@_01PNMI@?$BI?$AA@     004563cc     zle_main.o
 0004:000093d0       ??_C@_01CHB@?$BL?$AA@      004563d0     zle_main.o
 0004:000093d4       ??_C@_03PJKN@?$BL?$FLB?$AA@ 004563d4     zle_main.o
 0004:000093d8       ??_C@_03GBE@?$BL?$FLA?$AA@ 004563d8     zle_main.o
 0004:000093dc       ??_C@_03GNP@?$BL?$FLD?$AA@ 004563dc     zle_main.o
 0004:000093e0       ??_C@_03FDDK@?$BL?$FLC?$AA@ 004563e0     zle_main.o
 0004:000093e4       ??_C@_02EDLD@?$BL?$FL?$AA@ 004563e4     zle_main.o
 0004:000093e8       ??_C@_06LCAP@EDITOR?$AA@   004563e8     zle_main.o
 0004:000093f0       ??_C@_06NAGF@VISUAL?$AA@   004563f0     zle_main.o
 0004:000093f8       ??_C@_02PIGK@?$FO?$DP?$AA@ 004563f8     zle_main.o
 0004:000093fc       ??_C@_03EJMJ@?$FO?$CFc?$AA@ 004563fc     zle_main.o
 0004:00009400       ??_C@_03CJEN@?2M?9?$AA@    00456400     zle_main.o
 0004:00009404       ??_C@_0CJ@DNJE@?9N?5cannot?5be?5combined?5with?5other@ 00456404     zle_main.o
 0004:00009430       ??_C@_0BH@HBKN@in?9string?5is?5not?5bound?$AA@ 00456430     zle_main.o
 0004:00009448       ??_C@_0BH@PDCF@undefined?5function?3?5?$CFs?$AA@ 00456448     zle_main.o
 0004:00009460       ??_C@_04HIGM@?7?$CFs?6?$AA@ 00456460     zle_main.o
 0004:00009468       ??_C@_04PNBL@?5to?5?$AA@   00456468     zle_main.o
 0004:00009470       ??_C@_0BF@KHEF@incompatible?5options?$AA@ 00456470     zle_main.o
 0004:00009488       ??_C@_0BI@HACM@Describe?5key?5briefly?3?5_?$AA@ 00456488     zle_main.o
 0004:000094a0       ??_C@_0BD@INB@?$CFs?5is?5on?5many?5keys?$AA@ 004564a0     zle_main.o
 0004:000094b4       ??_C@_0BG@JIHC@?5not?5bound?5to?5any?5key?$AA@ 004564b4     zle_main.o
 0004:000094cc       ??_C@_03LFMJ@?5on?$AA@     004564cc     zle_main.o
 0004:000094d0       ??_C@_05NPDP@?$CFs?5is?$AA@ 004564d0     zle_main.o
 0004:000094d8       ??_C@_0L@EAEO@Where?5is?3?5?$AA@ 004564d8     zle_main.o
 0004:000094e4       ??_C@_02IMGE@sg?$AA@       004564e4     zle_misc.o
 0004:000094e8       ??_C@_02PLJL@ug?$AA@       004564e8     zle_misc.o
 0004:000094ec       ??_C@_08KCKH@?$CFk?3?$CFM?3?$CFS?$AA@ 004564ec     zle_misc.o
 0004:000094f8       ??_C@_08DPII@?$CFy?9?$CFm?9?$CFd?$AA@ 004564f8     zle_misc.o
 0004:00009504       ??_C@_05KAHN@?$CFk?3?$CFM?$AA@ 00456504     zle_misc.o
 0004:0000950c       ??_C@_08BBCI@?$CFm?1?$CFd?1?$CFy?$AA@ 0045650c     zle_misc.o
 0004:00009518       ??_C@_05NDOD@?$CFa?5?$CFe?$AA@ 00456518     zle_misc.o
 0004:00009520       ??_C@_07PEGN@?$CFl?3?$CFM?$CFp?$AA@ 00456520     zle_misc.o
 0004:00009528       _nbuf                      00456528     zle_refresh.o
 0004:0000952c       _obuf                      0045652c     zle_refresh.o
 0004:00009540       _clearf                    00456540     zle_refresh.o
 0004:00009544       ??_C@_05EIPA@?$DO?4?4?4?4?$AA@ 00456544     zle_refresh.o
 0004:0000954c       ??_C@_08BPME@?5?$DM?4?4?4?4?$DO?5?$AA@ 0045654c     zle_refresh.o
 0004:00009558       ??_C@_07CGFM@?5?$DM?4?4?4?4?5?$AA@ 00456558     zle_refresh.o
 0004:0000956c       ??_C@_06JJGE@foo?5?$CFs?$AA@ 0045656c     zle_tricky.o
 0004:00009574       ??_C@_01PFJK@?$HO?$AA@     00456574     zle_tricky.o
 0004:00009578       ??_C@_02EEEE@?4?1?$AA@     00456578     zle_tricky.o
 0004:0000957c       ??_C@_0N@HBAM@?$CFc?$CFs?$CFs?$CFs?$CFs?$CFs?$AA@ 0045657c     zle_tricky.o
 0004:0000958c       ??_C@_08CKFD@?$CFs?$CFs?$CFs?$CFs?$AA@ 0045658c     zle_tricky.o
 0004:00009598       ??_C@_0L@NLIF@?$CFs?$CFs?$CFs?$CFs?$CFs?$AA@ 00456598     zle_tricky.o
 0004:000095a4       ??_C@_06KKCN@?$CFs?$CFs?$CFs?$AA@ 004565a4     zle_tricky.o
 0004:000095ac       ??_C@_0CP@CHHM@zsh?3?5do?5you?5wish?5to?5see?5all?5?$CFn?5p@ 004565ac     zle_tricky.o
 0004:000095dc       ??_C@_06CFKB@?$CFd?$CJ?5?$CFs?$AA@ 004565dc     zle_tricky.o
 0004:000095e4       ??_C@_0CC@DGOC@press?5a?5lowercase?5key?5to?5continu@ 004565e4     zle_vi.o
 0004:00009608       _gdwPlatform               00456608     support.o
 0004:00009614       _def_ext                   00456614     support.o
 0004:00009618       ??_C@_0BF@KLKJ@?4com?$DL?4exe?$DL?4cmd?$DL?4bat?$DL?$AA@ 00456618     support.o
 0004:00009630       ??_C@_0BB@JDIG@Unknown?5platform?$AA@ 00456630     support.o
 0004:00009644       ??_C@_0BJ@GNMP@This?5should?5never?5happen?$AA@ 00456644     support.o
 0004:00009660       ??_C@_0M@IGPD@USERPROFILE?$AA@ 00456660     support.o
 0004:0000966c       ??_C@_08MAPG@HOMEPATH?$AA@ 0045666c     support.o
 0004:00009678       ??_C@_09ELEN@HOMEDRIVE?$AA@ 00456678     support.o
 0004:00009684       ??_C@_0BE@NONE@GetVersionEx?5failed?$AA@ 00456684     support.o
 0004:00009698       ??_C@_0L@ONNH@?$CFs?1command?$AA@ 00456698     support.o
 0004:000096a4       ??_C@_06LMKP@c?3?1bin?$AA@ 004566a4     support.o
 0004:000096ac       ??_C@_09NFMB@?$CFs?1system?$AA@ 004566ac     support.o
 0004:000096b8       ??_C@_0M@GPCO@?$CFs?1system32?$AA@ 004566b8     support.o
 0004:000096c4       ??_C@_05OCPE@bogus?$AA@    004566c4     support.o
 0004:000096cc       ??_C@_08IBF@?$CFs?$CFs?4EXE?$AA@ 004566cc     support.o
 0004:000096d8       ??_C@_07NJBH@ZSHROOT?$AA@  004566d8     support.o
 0004:000096e0       ??_C@_06IIGL@?$CFs?4EXE?$AA@ 004566e0     support.o
 0004:000096e8       ??_C@_0DD@JLA@Command?5line?5overflow?4?5There?5is?5@ 004566e8     support.o
 0004:0000971c       ??_C@_07IEI@PATHEXT?$AA@   0045671c     support.o
 0004:00009724       ??_C@_04HIKB@Path?$AA@     00456724     support.o
 0004:0000972c       ??_C@_0M@PLBH@ZSH_ISWIN95?$AA@ 0045672c     support.o
 0004:00009740       ??_C@_0BD@BAAH@youdonthavehomeset?$AA@ 00456740     bogus.o
 0004:00009754       ___h_con_alarm             00456754     io.o
 0004:00009758       ___h_con_int               00456758     io.o
 0004:0000975c       ??_C@_03COEA@NUL?$AA@      0045675c     io.o
 0004:00009760       ??_C@_04BAIL@?4EXE?$AA@    00456760     globals.o
 0004:00009768       _handlers                  00456768     signal.o
 0004:0000982c       ___halarm                  0045682c     signal.o
 0004:00009830       ___alarm_set               00456830     signal.o
 0004:000098a8       _termstr                   004568a8     termcap.o
 0004:000098ac       ??_C@_0BBL@KIBD@ansi?9pc?9color?3?7?3Co?$CD8?3NC?$CD3?3pa?$CD64?3@ 004568ac     termcap.o
 0004:000099c8       ??_C@_0BK@BJMA@virtual?5memory?5exhausted?6?$AA@ 004569c8     termcap.o
 0004:000099e4       ??_C@_0O@FJMA@ZSH_DONTSETCP?$AA@ 004569e4     console.o
 0004:000099f4       ??_C@_0BK@FDLC@Error?5?$CFd?5from?5setcursor?5?6?$AA@ 004569f4     console.o
 0004:00009a10       ??_C@_0BM@IGFO@Error?5?$CFd?5from?5writeconsole?6?$AA@ 00456a10     console.o
 0004:00009a2c       ??_C@_0BJ@FENO@Error?5from?5setcursor?5?$CFs?6?$AA@ 00456a2c     console.o
 0004:00009a48       ??_C@_0CB@OCH@Error?5from?5getconsolebufinfo?5?$CFs?6@ 00456a48     console.o
 0004:00009a6c       ??_C@_0BM@NLMC@Error?5from?5GetStdHandle?5?$CFs?6?$AA@ 00456a6c     console.o
 0004:00009a88       ??_C@_0BG@FJAL@Error?5from?5Scroll?5?$CFs?6?$AA@ 00456a88     console.o
 0004:00009aa0       ___gOpenFiles              00456aa0     stdio.o
 0004:00009ca0       ___gOpenFilesCopy          00456ca0     stdio.o
 0004:00009ea0       _my_stdin                  00456ea0     stdio.o
 0004:00009ea4       _my_stdout                 00456ea4     stdio.o
 0004:00009ea8       _my_stderr                 00456ea8     stdio.o
 0004:00009eac       ??_C@_06ENAM@?$CFs?4exe?$AA@ 00456eac     stdio.o
 0004:00009eb4       ??_C@_06CNEF@?$CFs?4cmd?$AA@ 00456eb4     stdio.o
 0004:00009ebc       ??_C@_06DJNN@?$CFs?4bat?$AA@ 00456ebc     stdio.o
 0004:00009ec4       ??_C@_06PODP@?$CFs?4com?$AA@ 00456ec4     stdio.o
 0004:00009ecc       ??_C@_03HNG@C?3?1?$AA@     00456ecc     stdio.o
 0004:00009ed0       _start_usage               00456ed0     ntbin.o
 0004:00009f90       ??_C@_0BO@HJPI@?$CFs?6See?5CMD?4EXE?5for?5more?5info?6?$AA@ 00456f90     ntbin.o
 0004:00009fb0       ??_C@_08HIOH@REALTIME?$AA@ 00456fb0     ntbin.o
 0004:00009fbc       ??_C@_04DJE@HIGH?$AA@      00456fbc     ntbin.o
 0004:00009fc4       ??_C@_06HDDE@NORMAL?$AA@   00456fc4     ntbin.o
 0004:00009fcc       ??_C@_03HKLE@LOW?$AA@      00456fcc     ntbin.o
 0004:00009fd0       ??_C@_06BMJG@SHARED?$AA@   00456fd0     ntbin.o
 0004:00009fd8       ??_C@_08FIPP@SEPARATE?$AA@ 00456fd8     ntbin.o
 0004:00009fe4       ??_C@_03OLFE@MAX?$AA@      00456fe4     ntbin.o
 0004:00009fe8       ??_C@_03IAC@MIN?$AA@       00456fe8     ntbin.o
 0004:00009fec       ??_C@_0BG@FPGD@Can?8t?5set?5title?5?$CFs?3?$CFs?$AA@ 00456fec     ntbin.o
 0004:0000a004       ??_C@_0BB@EHLF@String?5too?5long?6?$AA@ 00457004     ntbin.o
 0004:0000a018       ??_C@_0P@GBJN@ShellExecuteEx?$AA@ 00457018     ntbin.o
 0004:0000a028       ??_C@_0M@NLCI@Shell32?4dll?$AA@ 00457028     ntbin.o
 0004:0000a034       ??_C@_0BI@PNDP@Failed?5to?5start?5?$CFs?3?5?$CFs?6?$AA@ 00457034     ntbin.o
 0004:0000a04c       ??_C@_01HMO@?$CC?$AA@      0045704c     ntbin.o
 0004:0000a12c       ??_C@_09DPKL@?$CIunknown?$CJ?$AA@ 0045712c     ps.o
 0004:0000a138       ??_C@_04NFOM@?4exe?$AA@    00457138     ps.o
 0004:0000a140       ??_C@_06BMMB@_Total?$AA@   00457140     ps.o
 0004:0000a148       ??_C@_07CAMD@unknown?$AA@  00457148     ps.o
 0004:0000a150       ??_C@_0L@LCFK@id?5process?$AA@ 00457150     ps.o
 0004:0000a15c       ??_C@_07JMKN@process?$AA@  0045715c     ps.o
 0004:0000a164       ??_C@_08OKBE@Counters?$AA@ 00457164     ps.o
 0004:0000a170       ??_C@_07DCN@?$CFs?2?$CF03x?$AA@ 00457170     ps.o
 0004:0000a178       ??_C@_0DF@GPEA@software?2microsoft?2windows?5nt?2cu@ 00457178     ps.o
 0004:0000a1b0       ??_C@_0BJ@OKNM@CreateToolhelp32Snapshot?$AA@ 004571b0     ps.o
 0004:0000a1cc       ??_C@_0O@LDED@Process32Next?$AA@ 004571cc     ps.o
 0004:0000a1dc       ??_C@_0P@MPIA@Process32First?$AA@ 004571dc     ps.o
 0004:0000a1ec       ??_C@_0N@IDOE@kernel32?4dll?$AA@ 004571ec     ps.o
 0004:0000a1fc       ??_C@_0BD@ODHM@GetModuleBaseNameA?$AA@ 004571fc     ps.o
 0004:0000a210       ??_C@_0BF@FHJK@GetModuleFileNameExA?$AA@ 00457210     ps.o
 0004:0000a228       ??_C@_0BD@NMHD@EnumProcessModules?$AA@ 00457228     ps.o
 0004:0000a23c       ??_C@_0O@DOGP@EnumProcesses?$AA@ 0045723c     ps.o
 0004:0000a24c       ??_C@_09JBAA@psapi?4dll?$AA@ 0045724c     ps.o
 0004:0000a258       ??_C@_0BF@LOGP@0x?$CF08x?5?5?$CF?920s?5?$CF?930s?6?$AA@ 00457258     ps.o
 0004:0000a270       ??_C@_0BB@PLCP@?$CFu?5?5?$CF?920s?5?$CF?930s?6?$AA@ 00457270     ps.o
 0004:0000a284       ??_C@_0BE@PJPM@shutdown?5failed?5?$CFs?6?$AA@ 00457284     ps.o
 0004:0000a298       ??_C@_0BE@NFOF@SeShutdownPrivilege?$AA@ 00457298     ps.o
 0004:0000a2ac       ??_C@_0CM@GJGF@shutdown?3?5Specify?5?$CCnow?$CC?5to?5reall@ 004572ac     ps.o
 0004:0000a2d8       ??_C@_09IMFP@Usage?3?5?$CFs?$AA@ 004572d8     ps.o
 0004:0000a2e4       ??_C@_03BLPO@now?$AA@      004572e4     ps.o
 0004:0000a2e8       ??_C@_0DA@HFOH@Sorry?0?5this?5function?5is?5not?5supp@ 004572e8     ps.o
 0004:0000a318       _bookend2                  00457318     ntb2.o

 entry point at        0001:0003547f

 Static symbols

 0001:00037989       _tparam1                   00438989 f   tparam.o
 0001:00037c8d       _xmalloc                   00438c8d f   tparam.o
 0001:00037ca7       _memory_out                00438ca7 f   tparam.o
 0001:00037cc0       _xrealloc                  00438cc0 f   tparam.o
 0001:000376e7       _find_capability           004386e7 f   termcap.o
 0001:0003776c       _tgetst1                   0043876c f   termcap.o
 0001:00037852       _xmalloc                   00438852 f   termcap.o
 0001:00037ca7       _memory_out                00438ca7 f   tparam.o
 0001:000369da       _morecore                  004379da f   fork.o
 0001:00036bcb       _findbucket                00437bcb f   fork.o
 0001:00035777       _quoteProtect              00436777 f   support.o
 0001:000330d9       _startvitext               004340d9 f   zle_vi.o
 0001:000330ff       _startvichange             004340ff f   zle_vi.o
 0001:00027bd4       _printfuncbind             00428bd4 f   zle_main.o
 0001:000258c9       _set_isrch_spot            004268c9 f   zle_hist.o
 0001:00025979       _get_isrch_spot            00426979 f   zle_hist.o
 0001:00021117       _xsymlinks                 00422117 f   utils.o
 0001:0002134d       _finddir_scan              0042234d f   utils.o
 0001:0001b30e       _discard_input             0041c30e f   parse.o
 0001:0001850f       _push                      0041950f f   math.o
 0001:00015912       _cmd_or_math               00416912 f   lex.o
 0001:000163d5       _cmd_or_math_sub           004173d5 f   lex.o
 0001:00014b02       _set_clktck                00415b02 f   jobs.o
 0001:00013987       _shingetline               00414987 f   input.o
 0001:0000e12c       _exists                    0040f12c f   glob.o
 0001:0000e146       _addpath                   0040f146 f   glob.o
 0001:00000a3a       _printoptions              00401a3a f   builtin.o
 0001:00000f47       _setcurjob                 00401f47 f   builtin.o

 205 bytes saved through ICF

